Component: ARM Compiler 5.06 update 7 (build 960) Tool: armlink [4d3601]

==============================================================================

Section Cross References

    main.o(i.canGoDown) refers to main.o(i.canGoLeft) for canGoLeft
    main.o(i.canGoDown) refers to main.o(i.canGoRight) for canGoRight
    main.o(i.canGoDown) refers to main.o(i.getDown) for getDown
    main.o(i.canGoDown) refers to ledcontrol.o(i._getXY) for _getXY
    main.o(i.canGoLeft) refers to main.o(i.getLeft) for getLeft
    main.o(i.canGoLeft) refers to ledcontrol.o(i._getXY) for _getXY
    main.o(i.canGoRight) refers to main.o(i.getRight) for getRight
    main.o(i.canGoRight) refers to ledcontrol.o(i._getXY) for _getXY
    main.o(i.countParticles) refers to ledcontrol.o(i.getXY) for getXY
    main.o(i.dropParticle) refers to mydelay.o(i.NonBlockDelay_Timeout) for NonBlockDelay_Timeout
    main.o(i.dropParticle) refers to mydelay.o(i.NonBlockDelay_Delay_ms) for NonBlockDelay_Delay_ms
    main.o(i.dropParticle) refers to ledcontrol.o(i.getRawXY) for getRawXY
    main.o(i.dropParticle) refers to ledcontrol.o(i.invertRawXY) for invertRawXY
    main.o(i.dropParticle) refers to main.o(.data) for gravity
    main.o(i.fill) refers to ledcontrol.o(i.setXY) for setXY
    main.o(i.getBottomMatrix) refers to main.o(i.getGravity) for getGravity
    main.o(i.getGravity) refers to adxl345.o(i.get_angle) for get_angle
    main.o(i.getGravity) refers to fleqf.o(x$fpl$fleqf) for __aeabi_cfcmple
    main.o(i.getGravity) refers to frleqf.o(x$fpl$frleqf) for __aeabi_cfrcmple
    main.o(i.getTopMatrix) refers to main.o(i.getGravity) for getGravity
    main.o(i.goDown) refers to ledcontrol.o(i.setXY) for setXY
    main.o(i.goDown) refers to main.o(i.getDown) for getDown
    main.o(i.goDown) refers to ledcontrol.o(i._setXY) for _setXY
    main.o(i.goLeft) refers to ledcontrol.o(i.setXY) for setXY
    main.o(i.goLeft) refers to main.o(i.getLeft) for getLeft
    main.o(i.goLeft) refers to ledcontrol.o(i._setXY) for _setXY
    main.o(i.goRight) refers to ledcontrol.o(i.setXY) for setXY
    main.o(i.goRight) refers to main.o(i.getRight) for getRight
    main.o(i.goRight) refers to ledcontrol.o(i._setXY) for _setXY
    main.o(i.main) refers to delay.o(i.delay_init) for delay_init
    main.o(i.main) refers to adxl345.o(i.ADXL345_init) for ADXL345_init
    main.o(i.main) refers to ledcontrol.o(i.LedControlInit) for LedControlInit
    main.o(i.main) refers to main.o(i.resetTime) for resetTime
    main.o(i.main) refers to mydelay.o(i.TIM3_Int_Init) for TIM3_Int_Init
    main.o(i.main) refers to main.o(i.getGravity) for getGravity
    main.o(i.main) refers to ledcontrol.o(i.setRotation) for setRotation
    main.o(i.main) refers to main.o(i.updateMatrix) for updateMatrix
    main.o(i.main) refers to main.o(i.dropParticle) for dropParticle
    main.o(i.main) refers to main.o(.data) for gravity
    main.o(i.moveParticle) refers to ledcontrol.o(i.getXY) for getXY
    main.o(i.moveParticle) refers to main.o(i.canGoLeft) for canGoLeft
    main.o(i.moveParticle) refers to main.o(i.canGoRight) for canGoRight
    main.o(i.moveParticle) refers to main.o(i.canGoDown) for canGoDown
    main.o(i.moveParticle) refers to main.o(i.goDown) for goDown
    main.o(i.moveParticle) refers to main.o(i.goLeft) for goLeft
    main.o(i.moveParticle) refers to main.o(i.goRight) for goRight
    main.o(i.moveParticle) refers to rand.o(.emb_text) for rand
    main.o(i.resetTime) refers to ledcontrol.o(i.clearDisplay) for clearDisplay
    main.o(i.resetTime) refers to main.o(i.getTopMatrix) for getTopMatrix
    main.o(i.resetTime) refers to main.o(i.fill) for fill
    main.o(i.single) refers to delay.o(i.delay_ms) for delay_ms
    main.o(i.single) refers to ledcontrol.o(i.setLed) for setLed
    main.o(i.updateMatrix) refers to rand.o(.emb_text) for rand
    main.o(i.updateMatrix) refers to main.o(i.moveParticle) for moveParticle
    system_stm32f10x.o(i.SetSysClock) refers to system_stm32f10x.o(i.SetSysClockTo72) for SetSysClockTo72
    system_stm32f10x.o(i.SystemCoreClockUpdate) refers to system_stm32f10x.o(.data) for SystemCoreClock
    system_stm32f10x.o(i.SystemInit) refers to system_stm32f10x.o(i.SetSysClock) for SetSysClock
    delay.o(i.delay_init) refers to misc.o(i.SysTick_CLKSourceConfig) for SysTick_CLKSourceConfig
    delay.o(i.delay_init) refers to system_stm32f10x.o(.data) for SystemCoreClock
    delay.o(i.delay_init) refers to delay.o(.data) for fac_us
    delay.o(i.delay_ms) refers to delay.o(.data) for fac_ms
    delay.o(i.delay_us) refers to delay.o(.data) for fac_us
    usart.o(i.USART1_IRQHandler) refers (Special) to use_no_semi_2.o(.text) for __use_no_semihosting
    usart.o(i.USART1_IRQHandler) refers to stm32f10x_usart.o(i.USART_GetITStatus) for USART_GetITStatus
    usart.o(i.USART1_IRQHandler) refers to stm32f10x_usart.o(i.USART_ReceiveData) for USART_ReceiveData
    usart.o(i.USART1_IRQHandler) refers to usart.o(.data) for USART_RX_STA
[...]
    ../clib/heapalloc.c                      0x00000000   Number         0  hrguard.o ABSOLUTE
    ../clib/heapaux.c                        0x00000000   Number         0  heapauxi.o ABSOLUTE
    ../clib/libinit.s                        0x00000000   Number         0  libshutdown2.o ABSOLUTE
    ../clib/libinit.s                        0x00000000   Number         0  libinit.o ABSOLUTE
    ../clib/libinit.s                        0x00000000   Number         0  libshutdown.o ABSOLUTE
    ../clib/libinit.s                        0x00000000   Number         0  libinit2.o ABSOLUTE
    ../clib/longlong.s                       0x00000000   Number         0  llshl.o ABSOLUTE
    ../clib/signal.c                         0x00000000   Number         0  defsig_general.o ABSOLUTE
    ../clib/signal.c                         0x00000000   Number         0  defsig_pvfn_inner.o ABSOLUTE
    ../clib/signal.c                         0x00000000   Number         0  defsig_rtmem_outer.o ABSOLUTE
    ../clib/signal.c                         0x00000000   Number         0  defsig_rtmem_formal.o ABSOLUTE
    ../clib/signal.c                         0x00000000   Number         0  defsig_other.o ABSOLUTE
    ../clib/signal.c                         0x00000000   Number         0  defsig_exit.o ABSOLUTE
    ../clib/signal.c                         0x00000000   Number         0  defsig_segv_inner.o ABSOLUTE
    ../clib/signal.c                         0x00000000   Number         0  defsig_cppl_inner.o ABSOLUTE
    ../clib/signal.c                         0x00000000   Number         0  defsig_stak_inner.o ABSOLUTE
    ../clib/signal.c                         0x00000000   Number         0  defsig_rtred_inner.o ABSOLUTE
    ../clib/signal.c                         0x00000000   Number         0  defsig_rtmem_inner.o ABSOLUTE
    ../clib/signal.c                         0x00000000   Number         0  defsig_fpe_inner.o ABSOLUTE
    ../clib/signal.c                         0x00000000   Number         0  __raise.o ABSOLUTE
    ../clib/signal.c                         0x00000000   Number         0  defsig_abrt_inner.o ABSOLUTE
    ../clib/signal.s                         0x00000000   Number         0  defsig.o ABSOLUTE
    ../clib/stdlib.c                         0x00000000   Number         0  rand.o ABSOLUTE
    ../clib/stdlib.c                         0x00000000   Number         0  rand.o ABSOLUTE
    ../clib/stdlib.c                         0x00000000   Number         0  exit.o ABSOLUTE
    ../fplib/d2f.s                           0x00000000   Number         0  d2f.o ABSOLUTE
    ../fplib/daddsub.s                       0x00000000   Number         0  daddsub_clz.o ABSOLUTE
    ../fplib/dcheck1.s                       0x00000000   Number         0  dcheck1.o ABSOLUTE
    ../fplib/dcmpi.s                         0x00000000   Number         0  dcmpi.o ABSOLUTE
    ../fplib/ddiv.s                          0x00000000   Number         0  ddiv.o ABSOLUTE
    ../fplib/dfix.s                          0x00000000   Number         0  dfix.o ABSOLUTE
    ../fplib/dflt.s                          0x00000000   Number         0  dflt_clz.o ABSOLUTE
    ../fplib/dleqf.s                         0x00000000   Number         0  dleqf.o ABSOLUTE
    ../fplib/dmul.s                          0x00000000   Number         0  dmul.o ABSOLUTE
    ../fplib/dnaninf.s                       0x00000000   Number         0  dnaninf.o ABSOLUTE
    ../fplib/dretinf.s                       0x00000000   Number         0  dretinf.o ABSOLUTE
    ../fplib/drleqf.s                        0x00000000   Number         0  drleqf.o ABSOLUTE
    ../fplib/dsqrt.s                         0x00000000   Number         0  dsqrt_noumaal.o ABSOLUTE
    ../fplib/f2d.s                           0x00000000   Number         0  f2d.o ABSOLUTE
    ../fplib/faddsub.s                       0x00000000   Number         0  faddsub_clz.o ABSOLUTE
    ../fplib/fcmpi.s                         0x00000000   Number         0  fcmpi.o ABSOLUTE
    ../fplib/fdiv.s                          0x00000000   Number         0  fdiv.o ABSOLUTE
    ../fplib/ffix.s                          0x00000000   Number         0  ffix.o ABSOLUTE
    ../fplib/ffixu.s                         0x00000000   Number         0  ffixu.o ABSOLUTE
    ../fplib/fflt.s                          0x00000000   Number         0  fflt_clz.o ABSOLUTE
    ../fplib/fleqf.s                         0x00000000   Number         0  fleqf.o ABSOLUTE
    ../fplib/fmul.s                          0x00000000   Number         0  fmul.o ABSOLUTE
    ../fplib/fnaninf.s                       0x00000000   Number         0  fnaninf.o ABSOLUTE
    ../fplib/fpinit.s                        0x00000000   Number         0  fpinit.o ABSOLUTE
    ../fplib/fretinf.s                       0x00000000   Number         0  fretinf.o ABSOLUTE
    ../fplib/frleqf.s                        0x00000000   Number         0  frleqf.o ABSOLUTE
    ../fplib/retnan.s                        0x00000000   Number         0  retnan.o ABSOLUTE
    ../fplib/scalbn.s                        0x00000000   Number         0  scalbn.o ABSOLUTE
    ../fplib/trapv.s                         0x00000000   Number         0  trapv.o ABSOLUTE
    ../fplib/usenofp.s                       0x00000000   Number         0  usenofp.o ABSOLUTE
    ../mathlib/atan.c                        0x00000000   Number         0  atan.o ABSOLUTE
    ../mathlib/atan.c                        0x00000000   Number         0  atan_x.o ABSOLUTE
    ../mathlib/dunder.c                      0x00000000   Number         0  dunder.o ABSOLUTE
    ../mathlib/fpclassify.c                  0x00000000   Number         0  fpclassify.o ABSOLUTE
    ../mathlib/poly.c                        0x00000000   Number         0  poly.o ABSOLUTE
    ../mathlib/sqrt.c                        0x00000000   Number         0  sqrt.o ABSOLUTE
    ../mathlib/sqrt.c                        0x00000000   Number         0  sqrt_x.o ABSOLUTE
    ..\CORE\core_cm3.c                       0x00000000   Number         0  core_cm3.o ABSOLUTE
    ..\CORE\startup_stm32f10x_hd.s           0x00000000   Number         0  startup_stm32f10x_hd.o ABSOLUTE
    ..\HARDWARE\LedControl.c                 0x00000000   Number         0  ledcontrol.o ABSOLUTE
    ..\HARDWARE\adxl345.c                    0x00000000   Number         0  adxl345.o ABSOLUTE
    ..\HARDWARE\i2c.c                        0x00000000   Number         0  i2c.o ABSOLUTE
    ..\HARDWARE\led.c                        0x00000000   Number         0  led.o ABSOLUTE
    ..\HARDWARE\ledmatrix.c                  0x00000000   Number         0  ledmatrix.o ABSOLUTE
    ..\HARDWARE\spi.c                        0x00000000   Number         0  spi.o ABSOLUTE
    ..\STM32F10x_FWLib\src\misc.c            0x00000000   Number         0  misc.o ABSOLUTE
    ..\STM32F10x_FWLib\src\stm32f10x_adc.c   0x00000000   Number         0  stm32f10x_adc.o ABSOLUTE
    ..\STM32F10x_FWLib\src\stm32f10x_bkp.c   0x00000000   Number         0  stm32f10x_bkp.o ABSOLUTE
    ..\STM32F10x_FWLib\src\stm32f10x_can.c   0x00000000   Number         0  stm32f10x_can.o ABSOLUTE
    ..\STM32F10x_FWLib\src\stm32f10x_cec.c   0x00000000   Number         0  stm32f10x_cec.o ABSOLUTE
    ..\STM32F10x_FWLib\src\stm32f10x_crc.c   0x00000000   Number         0  stm32f10x_crc.o ABSOLUTE
    ..\STM32F10x_FWLib\src\stm32f10x_dac.c   0x00000000   Number         0  stm32f10x_dac.o ABSOLUTE
    ..\STM32F10x_FWLib\src\stm32f10x_dbgmcu.c 0x00000000   Number         0  stm32f10x_dbgmcu.o ABSOLUTE
    ..\STM32F10x_FWLib\src\stm32f10x_dma.c   0x00000000   Number         0  stm32f10x_dma.o ABSOLUTE
    ..\STM32F10x_FWLib\src\stm32f10x_exti.c  0x00000000   Number         0  stm32f10x_exti.o ABSOLUTE
    ..\STM32F10x_FWLib\src\stm32f10x_flash.c 0x00000000   Number         0  stm32f10x_flash.o ABSOLUTE
    ..\STM32F10x_FWLib\src\stm32f10x_fsmc.c  0x00000000   Number         0  stm32f10x_fsmc.o ABSOLUTE
    ..\STM32F10x_FWLib\src\stm32f10x_gpio.c  0x00000000   Number         0  stm32f10x_gpio.o ABSOLUTE
    ..\STM32F10x_FWLib\src\stm32f10x_i2c.c   0x00000000   Number         0  stm32f10x_i2c.o ABSOLUTE
    ..\STM32F10x_FWLib\src\stm32f10x_iwdg.c  0x00000000   Number         0  stm32f10x_iwdg.o ABSOLUTE
    ..\STM32F10x_FWLib\src\stm32f10x_pwr.c   0x00000000   Number         0  stm32f10x_pwr.o ABSOLUTE
    ..\STM32F10x_FWLib\src\stm32f10x_rcc.c   0x00000000   Number         0  stm32f10x_rcc.o ABSOLUTE
    ..\STM32F10x_FWLib\src\stm32f10x_rtc.c   0x00000000   Number         0  stm32f10x_rtc.o ABSOLUTE
    ..\STM32F10x_FWLib\src\stm32f10x_sdio.c  0x00000000   Number         0  stm32f10x_sdio.o ABSOLUTE
    ..\STM32F10x_FWLib\src\stm32f10x_spi.c   0x00000000   Number         0  stm32f10x_spi.o ABSOLUTE
    ..\STM32F10x_FWLib\src\stm32f10x_tim.c   0x00000000   Number         0  stm32f10x_tim.o ABSOLUTE
    ..\STM32F10x_FWLib\src\stm32f10x_usart.c 0x00000000   Number         0  stm32f10x_usart.o ABSOLUTE
    ..\STM32F10x_FWLib\src\stm32f10x_wwdg.c  0x00000000   Number         0  stm32f10x_wwdg.o ABSOLUTE
    ..\SYSTEM\delay\delay.c                  0x00000000   Number         0  delay.o ABSOLUTE
    ..\SYSTEM\sys\sys.c                      0x00000000   Number         0  sys.o ABSOLUTE
    ..\SYSTEM\usart\usart.c                  0x00000000   Number         0  usart.o ABSOLUTE
    ..\\CORE\\core_cm3.c                     0x00000000   Number         0  core_cm3.o ABSOLUTE
    ..\\SYSTEM\\sys\\sys.c                   0x00000000   Number         0  sys.o ABSOLUTE
    dc.s                                     0x00000000   Number         0  dc.o ABSOLUTE
    main.c                                   0x00000000   Number         0  main.o ABSOLUTE
    mydelay.c                                0x00000000   Number         0  mydelay.o ABSOLUTE
    stm32f10x_it.c                           0x00000000   Number         0  stm32f10x_it.o ABSOLUTE
    system_stm32f10x.c                       0x00000000   Number         0  system_stm32f10x.o ABSOLUTE
    RESET                                    0x08000000   Section      304  startup_stm32f10x_hd.o(RESET)
    !!!main                                  0x08000130   Section        8  __main.o(!!!main)
    !!!scatter                               0x08000138   Section       52  __scatter.o(!!!scatter)
    !!handler_copy                           0x0800016c   Section       26  __scatter_copy.o(!!handler_copy)
    !!handler_zi                             0x08000188   Section       28  __scatter_zi.o(!!handler_zi)
    .ARM.Collect$$libinit$$00000000          0x080001a4   Section        2  libinit.o(.ARM.Collect$$libinit$$00000000)
    .ARM.Collect$$libinit$$00000002          0x080001a6   Section        0  libinit2.o(.ARM.Collect$$libinit$$00000002)
    .ARM.Collect$$libinit$$00000004          0x080001a6   Section        0  libinit2.o(.ARM.Collect$$libinit$$00000004)
    .ARM.Collect$$libinit$$0000000A          0x080001a6   Section        0  libinit2.o(.ARM.Collect$$libinit$$0000000A)
    .ARM.Collect$$libinit$$0000000C          0x080001a6   Section        0  libinit2.o(.ARM.Collect$$libinit$$0000000C)
    .ARM.Collect$$libinit$$0000000D          0x080001a6   Section        4  libinit2.o(.ARM.Collect$$libinit$$0000000D)
    .ARM.Collect$$libinit$$0000000E          0x080001aa   Section        0  libinit2.o(.ARM.Collect$$libinit$$0000000E)
    .ARM.Collect$$libinit$$00000011          0x080001aa   Section        0  libinit2.o(.ARM.Collect$$libinit$$00000011)
    .ARM.Collect$$libinit$$00000013          0x080001aa   Section        0  libinit2.o(.ARM.Collect$$libinit$$00000013)
    .ARM.Collect$$libinit$$00000015          0x080001aa   Section        0  libinit2.o(.ARM.Collect$$libinit$$00000015)
    .ARM.Collect$$libinit$$00000017          0x080001aa   Section        0  libinit2.o(.ARM.Collect$$libinit$$00000017)
    .ARM.Collect$$libinit$$00000019          0x080001aa   Section        0  libinit2.o(.ARM.Collect$$libinit$$00000019)
    .ARM.Collect$$libinit$$0000001B          0x080001aa   Section        0  libinit2.o(.ARM.Collect$$libinit$$0000001B)
    .ARM.Collect$$libinit$$0000001D          0x080001aa   Section        0  libinit2.o(.ARM.Collect$$libinit$$0000001D)
    .ARM.Collect$$libinit$$0000001F          0x080001aa   Section        0  libinit2.o(.ARM.Collect$$libinit$$0000001F)
    .ARM.Collect$$libinit$$00000021          0x080001aa   Section        0  libinit2.o(.ARM.Collect$$libinit$$00000021)
    .ARM.Collect$$libinit$$00000023          0x080001aa   Section        0  libinit2.o(.ARM.Collect$$libinit$$00000023)
    .ARM.Collect$$libinit$$00000025          0x080001aa   Section        0  libinit2.o(.ARM.Collect$$libinit$$00000025)
    .ARM.Collect$$libinit$$0000002C          0x080001aa   Section        0  libinit2.o(.ARM.Collect$$libinit$$0000002C)
    .ARM.Collect$$libinit$$0000002E          0x080001aa   Section        0  libinit2.o(.ARM.Collect$$libinit$$0000002E)
    .ARM.Collect$$libinit$$00000030          0x080001aa   Section        0  libinit2.o(.ARM.Collect$$libinit$$00000030)
    .ARM.Collect$$libinit$$00000032          0x080001aa   Section        0  libinit2.o(.ARM.Collect$$libinit$$00000032)
    .ARM.Collect$$libinit$$00000033          0x080001aa   Section        2  libinit2.o(.ARM.Collect$$libinit$$00000033)
    .ARM.Collect$$libshutdown$$00000000      0x080001ac   Section        2  libshutdown.o(.ARM.Collect$$libshutdown$$00000000)
    .ARM.Collect$$libshutdown$$00000002      0x080001ae   Section        0  libshutdown2.o(.ARM.Collect$$libshutdown$$00000002)
    .ARM.Collect$$libshutdown$$00000004      0x080001ae   Section        0  libshutdown2.o(.ARM.Collect$$libshutdown$$00000004)
    .ARM.Collect$$libshutdown$$00000006      0x080001ae   Section        0  libshutdown2.o(.ARM.Collect$$libshutdown$$00000006)
    .ARM.Collect$$libshutdown$$00000009      0x080001ae   Section        0  libshutdown2.o(.ARM.Collect$$libshutdown$$00000009)
    .ARM.Collect$$libshutdown$$0000000C      0x080001ae   Section        0  libshutdown2.o(.ARM.Collect$$libshutdown$$0000000C)
    .ARM.Collect$$libshutdown$$0000000E      0x080001ae   Section        0  libshutdown2.o(.ARM.Collect$$libshutdown$$0000000E)
    .ARM.Collect$$libshutdown$$00000011      0x080001ae   Section        0  libshutdown2.o(.ARM.Collect$$libshutdown$$00000011)
    .ARM.Collect$$libshutdown$$00000012      0x080001ae   Section        2  libshutdown2.o(.ARM.Collect$$libshutdown$$00000012)
    .ARM.Collect$$rtentry$$00000000          0x080001b0   Section        0  __rtentry.o(.ARM.Collect$$rtentry$$00000000)
    .ARM.Collect$$rtentry$$00000002          0x080001b0   Section        0  __rtentry2.o(.ARM.Collect$$rtentry$$00000002)
    .ARM.Collect$$rtentry$$00000004          0x080001b0   Section        6  __rtentry4.o(.ARM.Collect$$rtentry$$00000004)
    .ARM.Collect$$rtentry$$00000009          0x080001b6   Section        0  __rtentry2.o(.ARM.Collect$$rtentry$$00000009)
    .ARM.Collect$$rtentry$$0000000A          0x080001b6   Section        4  __rtentry2.o(.ARM.Collect$$rtentry$$0000000A)
    .ARM.Collect$$rtentry$$0000000C          0x080001ba   Section        0  __rtentry2.o(.ARM.Collect$$rtentry$$0000000C)
    .ARM.Collect$$rtentry$$0000000D          0x080001ba   Section        8  __rtentry2.o(.ARM.Collect$$rtentry$$0000000D)
    .ARM.Collect$$rtexit$$00000000           0x080001c2   Section        2  rtexit.o(.ARM.Collect$$rtexit$$00000000)
    .ARM.Collect$$rtexit$$00000002           0x080001c4   Section        0  rtexit2.o(.ARM.Collect$$rtexit$$00000002)
    .ARM.Collect$$rtexit$$00000003           0x080001c4   Section        4  rtexit2.o(.ARM.Collect$$rtexit$$00000003)
    .ARM.Collect$$rtexit$$00000004           0x080001c8   Section        6  rtexit2.o(.ARM.Collect$$rtexit$$00000004)
    .emb_text                                0x080001d0   Section       52  rand.o(.emb_text)
    .text                                    0x08000204   Section       64  startup_stm32f10x_hd.o(.text)
    .text                                    0x08000244   Section        2  use_no_semi_2.o(.text)
    .text                                    0x08000248   Section        0  rand.o(.text)
    .text                                    0x08000284   Section        0  heapauxi.o(.text)
    .text                                    0x0800028a   Section        2  use_no_semi.o(.text)
    .text                                    0x0800028c   Section        0  _rserrno.o(.text)
    .text                                    0x080002a4   Section        8  rt_errno_addr_intlibspace.o(.text)
    .text                                    0x080002ac   Section        8  libspace.o(.text)
    .text                                    0x080002b4   Section       74  sys_stackheap_outer.o(.text)
    .text                                    0x080002fe   Section        0  exit.o(.text)
    i.ADXL345_init                           0x08000310   Section        0  adxl345.o(i.ADXL345_init)
    i.ADXL345_read_average                   0x08000360   Section        0  adxl345.o(i.ADXL345_read_average)
    i.ADXL345_read_data                      0x080003e2   Section        0  adxl345.o(i.ADXL345_read_data)
    i.ADXL345_read_reg                       0x08000470   Section        0  adxl345.o(i.ADXL345_read_reg)
    i.ADXL345_write_reg                      0x080004be   Section        0  adxl345.o(i.ADXL345_write_reg)
    i.BusFault_Handler                       0x08000500   Section        0  stm32f10x_it.o(i.BusFault_Handler)
    i.DebugMon_Handler                       0x08000504   Section        0  stm32f10x_it.o(i.DebugMon_Handler)
    i.GPIO_Init                              0x08000506   Section        0  stm32f10x_gpio.o(i.GPIO_Init)
    i.GPIO_ResetBits                         0x0800061c   Section        0  stm32f10x_gpio.o(i.GPIO_ResetBits)
    i.GPIO_SetBits                           0x08000620   Section        0  stm32f10x_gpio.o(i.GPIO_SetBits)
    i.HardFault_Handler                      0x08000624   Section        0  stm32f10x_it.o(i.HardFault_Handler)
    i.IIC_Delay                              0x08000628   Section        0  i2c.o(i.IIC_Delay)
    IIC_Delay                                0x08000629   Thumb Code    14  i2c.o(i.IIC_Delay)
    i.IIC_ack                                0x08000638   Section        0  i2c.o(i.IIC_ack)
    i.IIC_init                               0x0800066c   Section        0  i2c.o(i.IIC_init)
    i.IIC_noack                              0x080006a8   Section        0  i2c.o(i.IIC_noack)
    i.IIC_read_byte                          0x080006d4   Section        0  i2c.o(i.IIC_read_byte)
    i.IIC_send_byte                          0x08000728   Section        0  i2c.o(i.IIC_send_byte)
    i.IIC_start                              0x08000784   Section        0  i2c.o(i.IIC_start)
    i.IIC_stop                               0x080007b8   Section        0  i2c.o(i.IIC_stop)
    i.IIC_wait_ack                           0x080007dc   Section        0  i2c.o(i.IIC_wait_ack)
    i.LedControlInit                         0x0800081c   Section        0  ledcontrol.o(i.LedControlInit)
    i.MemManage_Handler                      0x08000898   Section        0  stm32f10x_it.o(i.MemManage_Handler)
    i.NMI_Handler                            0x0800089c   Section        0  stm32f10x_it.o(i.NMI_Handler)
    i.NVIC_Init                              0x080008a0   Section        0  misc.o(i.NVIC_Init)
    i.NonBlockDelay_Delay_ms                 0x08000910   Section        0  mydelay.o(i.NonBlockDelay_Delay_ms)
    i.NonBlockDelay_Timeout                  0x08000924   Section        0  mydelay.o(i.NonBlockDelay_Timeout)
    i.PendSV_Handler                         0x08000940   Section        0  stm32f10x_it.o(i.PendSV_Handler)
    i.RCC_APB1PeriphClockCmd                 0x08000944   Section        0  stm32f10x_rcc.o(i.RCC_APB1PeriphClockCmd)
    i.RCC_APB2PeriphClockCmd                 0x08000964   Section        0  stm32f10x_rcc.o(i.RCC_APB2PeriphClockCmd)
    i.SPI_Cmd                                0x08000984   Section        0  stm32f10x_spi.o(i.SPI_Cmd)
    i.SPI_I2S_DMACmd                         0x0800099c   Section        0  stm32f10x_spi.o(i.SPI_I2S_DMACmd)
    i.SPI_I2S_GetFlagStatus                  0x080009ae   Section        0  stm32f10x_spi.o(i.SPI_I2S_GetFlagStatus)
    i.SPI_I2S_SendData                       0x080009c0   Section        0  stm32f10x_spi.o(i.SPI_I2S_SendData)
    i.SPI_Init                               0x080009c4   Section        0  stm32f10x_spi.o(i.SPI_Init)
    i.SVC_Handler                            0x08000a00   Section        0  stm32f10x_it.o(i.SVC_Handler)
    i.SetSysClock                            0x08000a02   Section        0  system_stm32f10x.o(i.SetSysClock)
    SetSysClock                              0x08000a03   Thumb Code     8  system_stm32f10x.o(i.SetSysClock)
    i.SetSysClockTo72                        0x08000a0c   Section        0  system_stm32f10x.o(i.SetSysClockTo72)
    SetSysClockTo72                          0x08000a0d   Thumb Code   214  system_stm32f10x.o(i.SetSysClockTo72)
    i.Set_IIC_SDA_IN                         0x08000aec   Section        0  i2c.o(i.Set_IIC_SDA_IN)
    i.Set_IIC_SDA_OUT                        0x08000b10   Section        0  i2c.o(i.Set_IIC_SDA_OUT)
    i.SysTick_CLKSourceConfig                0x08000b3c   Section        0  misc.o(i.SysTick_CLKSourceConfig)
    i.SysTick_Handler                        0x08000b64   Section        0  stm32f10x_it.o(i.SysTick_Handler)
    i.SystemInit                             0x08000b68   Section        0  system_stm32f10x.o(i.SystemInit)
    i.TIM3_IRQHandler                        0x08000bc8   Section        0  mydelay.o(i.TIM3_IRQHandler)
    i.TIM3_Int_Init                          0x08000bf0   Section        0  mydelay.o(i.TIM3_Int_Init)
    i.TIM_ClearITPendingBit                  0x08000c50   Section        0  stm32f10x_tim.o(i.TIM_ClearITPendingBit)
    i.TIM_Cmd                                0x08000c56   Section        0  stm32f10x_tim.o(i.TIM_Cmd)
    i.TIM_GetITStatus                        0x08000c6e   Section        0  stm32f10x_tim.o(i.TIM_GetITStatus)
    i.TIM_ITConfig                           0x08000c90   Section        0  stm32f10x_tim.o(i.TIM_ITConfig)
    i.TIM_TimeBaseInit                       0x08000ca4   Section        0  stm32f10x_tim.o(i.TIM_TimeBaseInit)
    i.USART1_IRQHandler                      0x08000d48   Section        0  usart.o(i.USART1_IRQHandler)
    i.USART_GetITStatus                      0x08000dd0   Section        0  stm32f10x_usart.o(i.USART_GetITStatus)
    i.USART_ReceiveData                      0x08000e24   Section        0  stm32f10x_usart.o(i.USART_ReceiveData)
    i.UsageFault_Handler                     0x08000e2e   Section        0  stm32f10x_it.o(i.UsageFault_Handler)
    i.__ARM_fpclassify                       0x08000e32   Section        0  fpclassify.o(i.__ARM_fpclassify)
    i.__kernel_poly                          0x08000e5a   Section        0  poly.o(i.__kernel_poly)
    i.__mathlib_dbl_infnan                   0x08000f04   Section        0  dunder.o(i.__mathlib_dbl_infnan)
    i.__mathlib_dbl_underflow                0x08000f0c   Section        0  dunder.o(i.__mathlib_dbl_underflow)
    i._getXY                                 0x08000f1c   Section        0  ledcontrol.o(i._getXY)
    i._setXY                                 0x08000f2c   Section        0  ledcontrol.o(i._setXY)
    i._sys_exit                              0x08000f40   Section        0  usart.o(i._sys_exit)
    i.atan                                   0x08000f44   Section        0  atan.o(i.atan)
    i.canGoDown                              0x08001164   Section        0  main.o(i.canGoDown)
    i.canGoLeft                              0x080011b8   Section        0  main.o(i.canGoLeft)
    i.canGoRight                             0x080011e4   Section        0  main.o(i.canGoRight)
    i.clearDisplay                           0x08001214   Section        0  ledcontrol.o(i.clearDisplay)
    i.delay_init                             0x08001258   Section        0  delay.o(i.delay_init)
    i.delay_ms                               0x0800129c   Section        0  delay.o(i.delay_ms)
    i.dropParticle                           0x080012e8   Section        0  main.o(i.dropParticle)
    i.fill                                   0x08001358   Section        0  main.o(i.fill)
    i.flipHorizontally                       0x080013be   Section        0  ledcontrol.o(i.flipHorizontally)
    i.flipVertically                         0x080013d2   Section        0  ledcontrol.o(i.flipVertically)
    i.getDown                                0x080013e6   Section        0  main.o(i.getDown)
    i.getGravity                             0x080013fc   Section        0  main.o(i.getGravity)
    i.getLed                                 0x0800144c   Section        0  ledcontrol.o(i.getLed)
    i.getLeft                                0x0800149c   Section        0  main.o(i.getLeft)
    i.getRawXY                               0x080014ae   Section        0  ledcontrol.o(i.getRawXY)
    i.getRight                               0x080014c2   Section        0  main.o(i.getRight)
    i.getTopMatrix                           0x080014d4   Section        0  main.o(i.getTopMatrix)
    i.getXY                                  0x080014e6   Section        0  ledcontrol.o(i.getXY)
    i.get_angle                              0x08001528   Section        0  adxl345.o(i.get_angle)
    i.goDown                                 0x08001604   Section        0  main.o(i.goDown)
    i.goLeft                                 0x08001630   Section        0  main.o(i.goLeft)
    i.goRight                                0x0800165c   Section        0  main.o(i.goRight)
    i.invertRawXY                            0x08001688   Section        0  ledcontrol.o(i.invertRawXY)
    i.main                                   0x080016b8   Section        0  main.o(i.main)
    i.millis                                 0x08001700   Section        0  mydelay.o(i.millis)
    i.moveParticle                           0x0800170c   Section        0  main.o(i.moveParticle)
    i.resetTime                              0x080017b0   Section        0  main.o(i.resetTime)
    i.rotate180                              0x080017d2   Section        0  ledcontrol.o(i.rotate180)
    i.rotate270                              0x080017f0   Section        0  ledcontrol.o(i.rotate270)
    i.rotate90                               0x0800180e   Section        0  ledcontrol.o(i.rotate90)
    i.setIntensity                           0x08001828   Section        0  ledcontrol.o(i.setIntensity)
    i.setLed                                 0x08001858   Section        0  ledcontrol.o(i.setLed)
    i.setRawXY                               0x080018e0   Section        0  ledcontrol.o(i.setRawXY)
    i.setRotation                            0x080018fc   Section        0  ledcontrol.o(i.setRotation)
    i.setScanLimit                           0x08001908   Section        0  ledcontrol.o(i.setScanLimit)
    i.setXY                                  0x08001938   Section        0  ledcontrol.o(i.setXY)
    i.shutdown                               0x08001980   Section        0  ledcontrol.o(i.shutdown)
    i.spiTransfer                            0x080019b4   Section        0  ledcontrol.o(i.spiTransfer)
    i.spi_init                               0x08001a1c   Section        0  spi.o(i.spi_init)
    i.spi_read_write_byte                    0x08001ab0   Section        0  spi.o(i.spi_read_write_byte)
    i.sqrt                                   0x08001ae0   Section        0  sqrt.o(i.sqrt)
    i.transform                              0x08001b2c   Section        0  ledcontrol.o(i.transform)
    i.updateMatrix                           0x08001b98   Section        0  main.o(i.updateMatrix)
    x$fpl$d2f                                0x08001c34   Section       98  d2f.o(x$fpl$d2f)
    x$fpl$dadd                               0x08001c98   Section      336  daddsub_clz.o(x$fpl$dadd)
    _dadd1                                   0x08001ca9   Thumb Code     0  daddsub_clz.o(x$fpl$dadd)
    x$fpl$dcheck1                            0x08001de8   Section       16  dcheck1.o(x$fpl$dcheck1)
    x$fpl$ddiv                               0x08001df8   Section      688  ddiv.o(x$fpl$ddiv)
    ddiv_entry                               0x08001dff   Thumb Code     0  ddiv.o(x$fpl$ddiv)
    x$fpl$dflt                               0x080020a8   Section       46  dflt_clz.o(x$fpl$dflt)
    x$fpl$dmul                               0x080020d8   Section      340  dmul.o(x$fpl$dmul)
    x$fpl$dnaninf                            0x0800222c   Section      156  dnaninf.o(x$fpl$dnaninf)
    x$fpl$dretinf                            0x080022c8   Section       12  dretinf.o(x$fpl$dretinf)
    x$fpl$drsb                               0x080022d4   Section       22  daddsub_clz.o(x$fpl$drsb)
    x$fpl$dsqrt                              0x080022ec   Section      460  dsqrt_noumaal.o(x$fpl$dsqrt)
    x$fpl$dsub                               0x080024b8   Section      468  daddsub_clz.o(x$fpl$dsub)
    _dsub1                                   0x080024c9   Thumb Code     0  daddsub_clz.o(x$fpl$dsub)
    x$fpl$fcmpinf                            0x0800268c   Section       24  fcmpi.o(x$fpl$fcmpinf)
    x$fpl$fleqf                              0x080026a4   Section      104  fleqf.o(x$fpl$fleqf)
    x$fpl$fnaninf                            0x0800270c   Section      140  fnaninf.o(x$fpl$fnaninf)
    x$fpl$fretinf                            0x08002798   Section       10  fretinf.o(x$fpl$fretinf)
    x$fpl$frleqf                             0x080027a2   Section       98  frleqf.o(x$fpl$frleqf)
    x$fpl$retnan                             0x08002804   Section      100  retnan.o(x$fpl$retnan)
    x$fpl$scalbn                             0x08002868   Section       92  scalbn.o(x$fpl$scalbn)
    x$fpl$trapveneer                         0x080028c4   Section       48  trapv.o(x$fpl$trapveneer)
    x$fpl$usenofp                            0x080028f4   Section        0  usenofp.o(x$fpl$usenofp)
    .constdata                               0x080028f8   Section      152  atan.o(.constdata)
    atanhi                                   0x080028f8   Data          32  atan.o(.constdata)
    atanlo                                   0x08002918   Data          32  atan.o(.constdata)
    aTodd                                    0x08002938   Data          40  atan.o(.constdata)
    aTeven                                   0x08002960   Data          48  atan.o(.constdata)
    .data                                    0x20000000   Section       16  main.o(.data)
    .data                                    0x20000010   Section       20  system_stm32f10x.o(.data)
    .data                                    0x20000024   Section        4  delay.o(.data)
    fac_us                                   0x20000024   Data           1  delay.o(.data)
    fac_ms                                   0x20000026   Data           2  delay.o(.data)
    .data                                    0x20000028   Section        6  usart.o(.data)
    .data                                    0x20000030   Section        8  ledcontrol.o(.data)
    .data                                    0x20000038   Section        8  mydelay.o(.data)
    TimerTickCount                           0x20000038   Data           4  mydelay.o(.data)
    .bss                                     0x20000040   Section      200  usart.o(.bss)
    .bss                                     0x20000108   Section      144  ledcontrol.o(.bss)
    .bss                                     0x20000198   Section      228  rand.o(.bss)
    .bss                                     0x2000027c   Section       96  libspace.o(.bss)
    HEAP                                     0x200002e0   Section      512  startup_stm32f10x_hd.o(HEAP)
    Heap_Mem                                 0x200002e0   Data         512  startup_stm32f10x_hd.o(HEAP)
    STACK                                    0x200004e0   Section     1024  startup_stm32f10x_hd.o(STACK)
    Stack_Mem                                0x200004e0   Data        1024  startup_stm32f10x_hd.o(STACK)
    __initial_sp                             0x200008e0   Data           0  startup_stm32f10x_hd.o(STACK)

    Global Symbols

    Symbol Name                              Value     Ov Type        Size  Object(Section)

    BuildAttributes$$THM_ISAv4$P$D$K$B$S$PE$A:L22UL41UL21$X:L11$S22US41US21$IEEE1$IW$USESV6$~STKCKD$USESV7$~SHL$OTIME$ROPI$IEEEX$EBA8$UX$STANDARDLIB$REQ8$PRES8$EABIv2 0x00000000   Number         0  anon$$obj.o ABSOLUTE
    __ARM_use_no_argv                        0x00000000   Number         0  main.o ABSOLUTE
    __ARM_exceptions_init                     - Undefined Weak Reference
    __alloca_initialize                       - Undefined Weak Reference
    __arm_fini_                               - Undefined Weak Reference
    __arm_preinit_                            - Undefined Weak Reference
    __cpp_initialize__aeabi_                  - Undefined Weak Reference
    __cxa_finalize                            - Undefined Weak Reference
    __rt_locale                               - Undefined Weak Reference
    __sigvec_lookup                           - Undefined Weak Reference
    _atexit_init                              - Undefined Weak Reference
    _call_atexit_fns                          - Undefined Weak Reference
    _clock_init                               - Undefined Weak Reference
    _fp_trap_init                             - Undefined Weak Reference
    _fp_trap_shutdown                         - Undefined Weak Reference
    _get_lc_collate                           - Undefined Weak Reference
    _get_lc_ctype                             - Undefined Weak Reference
    _get_lc_monetary                          - Undefined Weak Reference
    _get_lc_numeric                           - Undefined Weak Reference
    _get_lc_time                              - Undefined Weak Reference
    _getenv_init                              - Undefined Weak Reference
    _handle_redirection                       - Undefined Weak Reference
    _init_alloc                               - Undefined Weak Reference
    _init_user_alloc                          - Undefined Weak Reference
    _initio                                   - Undefined Weak Reference
    _signal_finish                            - Undefined Weak Reference
    _signal_init                              - Undefined Weak Reference
    _terminate_alloc                          - Undefined Weak Reference
    _terminate_user_alloc                     - Undefined Weak Reference
    _terminateio                              - Undefined Weak Reference
    __Vectors_Size                           0x00000130   Number         0  startup_stm32f10x_hd.o ABSOLUTE
    __Vectors                                0x08000000   Data           4  startup_stm32f10x_hd.o(RESET)
    __Vectors_End                            0x08000130   Data           0  startup_stm32f10x_hd.o(RESET)
    __main                                   0x08000131   Thumb Code     8  __main.o(!!!main)
    __scatterload                            0x08000139   Thumb Code     0  __scatter.o(!!!scatter)
    __scatterload_rt2                        0x08000139   Thumb Code    44  __scatter.o(!!!scatter)
    __scatterload_rt2_thumb_only             0x08000139   Thumb Code     0  __scatter.o(!!!scatter)
    __scatterload_null                       0x08000147   Thumb Code     0  __scatter.o(!!!scatter)
    __scatterload_copy                       0x0800016d   Thumb Code    26  __scatter_copy.o(!!handler_copy)
    __scatterload_zeroinit                   0x08000189   Thumb Code    28  __scatter_zi.o(!!handler_zi)
    __rt_lib_init                            0x080001a5   Thumb Code     0  libinit.o(.ARM.Collect$$libinit$$00000000)
    __rt_lib_init_fp_1                       0x080001a7   Thumb Code     0  libinit2.o(.ARM.Collect$$libinit$$00000002)
    __rt_lib_init_heap_1                     0x080001a7   Thumb Code     0  libinit2.o(.ARM.Collect$$libinit$$0000000A)
    __rt_lib_init_preinit_1                  0x080001a7   Thumb Code     0  libinit2.o(.ARM.Collect$$libinit$$00000004)
    __rt_lib_init_rand_2                     0x080001a7   Thumb Code     0  libinit2.o(.ARM.Collect$$libinit$$0000000D)
    __rt_lib_init_user_alloc_1               0x080001a7   Thumb Code     0  libinit2.o(.ARM.Collect$$libinit$$0000000C)
    __rt_lib_init_alloca_1                   0x080001ab   Thumb Code     0  libinit2.o(.ARM.Collect$$libinit$$0000002E)
    __rt_lib_init_argv_1                     0x080001ab   Thumb Code     0  libinit2.o(.ARM.Collect$$libinit$$0000002C)
    __rt_lib_init_atexit_1                   0x080001ab   Thumb Code     0  libinit2.o(.ARM.Collect$$libinit$$0000001B)
    __rt_lib_init_clock_1                    0x080001ab   Thumb Code     0  libinit2.o(.ARM.Collect$$libinit$$00000021)
    __rt_lib_init_cpp_1                      0x080001ab   Thumb Code     0  libinit2.o(.ARM.Collect$$libinit$$00000032)
    __rt_lib_init_exceptions_1               0x080001ab   Thumb Code     0  libinit2.o(.ARM.Collect$$libinit$$00000030)
    __rt_lib_init_fp_trap_1                  0x080001ab   Thumb Code     0  libinit2.o(.ARM.Collect$$libinit$$0000001F)
    __rt_lib_init_getenv_1                   0x080001ab   Thumb Code     0  libinit2.o(.ARM.Collect$$libinit$$00000023)
    __rt_lib_init_lc_collate_1               0x080001ab   Thumb Code     0  libinit2.o(.ARM.Collect$$libinit$$00000011)
    __rt_lib_init_lc_ctype_1                 0x080001ab   Thumb Code     0  libinit2.o(.ARM.Collect$$libinit$$00000013)
    __rt_lib_init_lc_monetary_1              0x080001ab   Thumb Code     0  libinit2.o(.ARM.Collect$$libinit$$00000015)
    __rt_lib_init_lc_numeric_1               0x080001ab   Thumb Code     0  libinit2.o(.ARM.Collect$$libinit$$00000017)
    __rt_lib_init_lc_time_1                  0x080001ab   Thumb Code     0  libinit2.o(.ARM.Collect$$libinit$$00000019)
    __rt_lib_init_rand_1                     0x080001ab   Thumb Code     0  libinit2.o(.ARM.Collect$$libinit$$0000000E)
    __rt_lib_init_return                     0x080001ab   Thumb Code     0  libinit2.o(.ARM.Collect$$libinit$$00000033)
    __rt_lib_init_signal_1                   0x080001ab   Thumb Code     0  libinit2.o(.ARM.Collect$$libinit$$0000001D)
    __rt_lib_init_stdio_1                    0x080001ab   Thumb Code     0  libinit2.o(.ARM.Collect$$libinit$$00000025)
    __rt_lib_shutdown                        0x080001ad   Thumb Code     0  libshutdown.o(.ARM.Collect$$libshutdown$$00000000)
    __rt_lib_shutdown_cpp_1                  0x080001af   Thumb Code     0  libshutdown2.o(.ARM.Collect$$libshutdown$$00000004)
    __rt_lib_shutdown_fini_1                 0x080001af   Thumb Code     0  libshutdown2.o(.ARM.Collect$$libshutdown$$00000002)
    __rt_lib_shutdown_fp_trap_1              0x080001af   Thumb Code     0  libshutdown2.o(.ARM.Collect$$libshutdown$$00000009)
    __rt_lib_shutdown_heap_1                 0x080001af   Thumb Code     0  libshutdown2.o(.ARM.Collect$$libshutdown$$00000011)
    __rt_lib_shutdown_return                 0x080001af   Thumb Code     0  libshutdown2.o(.ARM.Collect$$libshutdown$$00000012)
    __rt_lib_shutdown_signal_1               0x080001af   Thumb Code     0  libshutdown2.o(.ARM.Collect$$libshutdown$$0000000C)
    __rt_lib_shutdown_stdio_1                0x080001af   Thumb Code     0  libshutdown2.o(.ARM.Collect$$libshutdown$$00000006)
    __rt_lib_shutdown_user_alloc_1           0x080001af   Thumb Code     0  libshutdown2.o(.ARM.Collect$$libshutdown$$0000000E)
    __rt_entry                               0x080001b1   Thumb Code     0  __rtentry.o(.ARM.Collect$$rtentry$$00000000)
    __rt_entry_presh_1                       0x080001b1   Thumb Code     0  __rtentry2.o(.ARM.Collect$$rtentry$$00000002)
    __rt_entry_sh                            0x080001b1   Thumb Code     0  __rtentry4.o(.ARM.Collect$$rtentry$$00000004)
    __rt_entry_li                            0x080001b7   Thumb Code     0  __rtentry2.o(.ARM.Collect$$rtentry$$0000000A)
    __rt_entry_postsh_1                      0x080001b7   Thumb Code     0  __rtentry2.o(.ARM.Collect$$rtentry$$00000009)
    __rt_entry_main                          0x080001bb   Thumb Code     0  __rtentry2.o(.ARM.Collect$$rtentry$$0000000D)
    __rt_entry_postli_1                      0x080001bb   Thumb Code     0  __rtentry2.o(.ARM.Collect$$rtentry$$0000000C)
    __rt_exit                                0x080001c3   Thumb Code     0  rtexit.o(.ARM.Collect$$rtexit$$00000000)
    __rt_exit_ls                             0x080001c5   Thumb Code     0  rtexit2.o(.ARM.Collect$$rtexit$$00000003)
    __rt_exit_prels_1                        0x080001c5   Thumb Code     0  rtexit2.o(.ARM.Collect$$rtexit$$00000002)
    __rt_exit_exit                           0x080001c9   Thumb Code     0  rtexit2.o(.ARM.Collect$$rtexit$$00000004)
    rand                                     0x080001d1   Thumb Code    48  rand.o(.emb_text)
    Reset_Handler                            0x08000205   Thumb Code     8  startup_stm32f10x_hd.o(.text)
    ADC1_2_IRQHandler                        0x0800021f   Thumb Code     0  startup_stm32f10x_hd.o(.text)
    ADC3_IRQHandler                          0x0800021f   Thumb Code     0  startup_stm32f10x_hd.o(.text)
    CAN1_RX1_IRQHandler                      0x0800021f   Thumb Code     0  startup_stm32f10x_hd.o(.text)
    CAN1_SCE_IRQHandler                      0x0800021f   Thumb Code     0  startup_stm32f10x_hd.o(.text)
    DMA1_Channel1_IRQHandler                 0x0800021f   Thumb Code     0  startup_stm32f10x_hd.o(.text)
    DMA1_Channel2_IRQHandler                 0x0800021f   Thumb Code     0  startup_stm32f10x_hd.o(.text)
    DMA1_Channel3_IRQHandler                 0x0800021f   Thumb Code     0  startup_stm32f10x_hd.o(.text)
    DMA1_Channel4_IRQHandler                 0x0800021f   Thumb Code     0  startup_stm32f10x_hd.o(.text)
    DMA1_Channel5_IRQHandler                 0x0800021f   Thumb Code     0  startup_stm32f10x_hd.o(.text)
    DMA1_Channel6_IRQHandler                 0x0800021f   Thumb Code     0  startup_stm32f10x_hd.o(.text)
    DMA1_Channel7_IRQHandler                 0x0800021f   Thumb Code     0  startup_stm32f10x_hd.o(.text)
    DMA2_Channel1_IRQHandler                 0x0800021f   Thumb Code     0  startup_stm32f10x_hd.o(.text)
    DMA2_Channel2_IRQHandler                 0x0800021f   Thumb Code     0  startup_stm32f10x_hd.o(.text)
    DMA2_Channel3_IRQHandler                 0x0800021f   Thumb Code     0  startup_stm32f10x_hd.o(.text)
    DMA2_Channel4_5_IRQHandler               0x0800021f   Thumb Code     0  startup_stm32f10x_hd.o(.text)
    EXTI0_IRQHandler                         0x0800021f   Thumb Code     0  startup_stm32f10x_hd.o(.text)
    EXTI15_10_IRQHandler                     0x0800021f   Thumb Code     0  startup_stm32f10x_hd.o(.text)
    EXTI1_IRQHandler                         0x0800021f   Thumb Code     0  startup_stm32f10x_hd.o(.text)
    EXTI2_IRQHandler                         0x0800021f   Thumb Code     0  startup_stm32f10x_hd.o(.text)
    EXTI3_IRQHandler                         0x0800021f   Thumb Code     0  startup_stm32f10x_hd.o(.text)
    EXTI4_IRQHandler                         0x0800021f   Thumb Code     0  startup_stm32f10x_hd.o(.text)
    EXTI9_5_IRQHandler                       0x0800021f   Thumb Code     0  startup_stm32f10x_hd.o(.text)
    FLASH_IRQHandler                         0x0800021f   Thumb Code     0  startup_stm32f10x_hd.o(.text)
    FSMC_IRQHandler                          0x0800021f   Thumb Code     0  startup_stm32f10x_hd.o(.text)
    I2C1_ER_IRQHandler                       0x0800021f   Thumb Code     0  startup_stm32f10x_hd.o(.text)
    I2C1_EV_IRQHandler                       0x0800021f   Thumb Code     0  startup_stm32f10x_hd.o(.text)
    I2C2_ER_IRQHandler                       0x0800021f   Thumb Code     0  startup_stm32f10x_hd.o(.text)
    I2C2_EV_IRQHandler                       0x0800021f   Thumb Code     0  startup_stm32f10x_hd.o(.text)
    PVD_IRQHandler                           0x0800021f   Thumb Code     0  startup_stm32f10x_hd.o(.text)
    RCC_IRQHandler                           0x0800021f   Thumb Code     0  startup_stm32f10x_hd.o(.text)
    RTCAlarm_IRQHandler                      0x0800021f   Thumb Code     0  startup_stm32f10x_hd.o(.text)
    RTC_IRQHandler                           0x0800021f   Thumb Code     0  startup_stm32f10x_hd.o(.text)
    SDIO_IRQHandler                          0x0800021f   Thumb Code     0  startup_stm32f10x_hd.o(.text)
    SPI1_IRQHandler                          0x0800021f   Thumb Code     0  startup_stm32f10x_hd.o(.text)
    SPI2_IRQHandler                          0x0800021f   Thumb Code     0  startup_stm32f10x_hd.o(.text)
    SPI3_IRQHandler                          0x0800021f   Thumb Code     0  startup_stm32f10x_hd.o(.text)
    TAMPER_IRQHandler                        0x0800021f   Thumb Code     0  startup_stm32f10x_hd.o(.text)
    TIM1_BRK_IRQHandler                      0x0800021f   Thumb Code     0  startup_stm32f10x_hd.o(.text)
    TIM1_CC_IRQHandler                       0x0800021f   Thumb Code     0  startup_stm32f10x_hd.o(.text)
    TIM1_TRG_COM_IRQHandler                  0x0800021f   Thumb Code     0  startup_stm32f10x_hd.o(.text)
    TIM1_UP_IRQHandler                       0x0800021f   Thumb Code     0  startup_stm32f10x_hd.o(.text)
    TIM2_IRQHandler                          0x0800021f   Thumb Code     0  startup_stm32f10x_hd.o(.text)
    TIM4_IRQHandler                          0x0800021f   Thumb Code     0  startup_stm32f10x_hd.o(.text)
    TIM5_IRQHandler                          0x0800021f   Thumb Code     0  startup_stm32f10x_hd.o(.text)
    TIM6_IRQHandler                          0x0800021f   Thumb Code     0  startup_stm32f10x_hd.o(.text)
    TIM7_IRQHandler                          0x0800021f   Thumb Code     0  startup_stm32f10x_hd.o(.text)
    TIM8_BRK_IRQHandler                      0x0800021f   Thumb Code     0  startup_stm32f10x_hd.o(.text)
    TIM8_CC_IRQHandler                       0x0800021f   Thumb Code     0  startup_stm32f10x_hd.o(.text)
    TIM8_TRG_COM_IRQHandler                  0x0800021f   Thumb Code     0  startup_stm32f10x_hd.o(.text)
    TIM8_UP_IRQHandler                       0x0800021f   Thumb Code     0  startup_stm32f10x_hd.o(.text)
    UART4_IRQHandler                         0x0800021f   Thumb Code     0  startup_stm32f10x_hd.o(.text)
    UART5_IRQHandler                         0x0800021f   Thumb Code     0  startup_stm32f10x_hd.o(.text)
    USART2_IRQHandler                        0x0800021f   Thumb Code     0  startup_stm32f10x_hd.o(.text)
    USART3_IRQHandler                        0x0800021f   Thumb Code     0  startup_stm32f10x_hd.o(.text)
    USBWakeUp_IRQHandler                     0x0800021f   Thumb Code     0  startup_stm32f10x_hd.o(.text)
    USB_HP_CAN1_TX_IRQHandler                0x0800021f   Thumb Code     0  startup_stm32f10x_hd.o(.text)
    USB_LP_CAN1_RX0_IRQHandler               0x0800021f   Thumb Code     0  startup_stm32f10x_hd.o(.text)
    WWDG_IRQHandler                          0x0800021f   Thumb Code     0  startup_stm32f10x_hd.o(.text)
    __user_initial_stackheap                 0x08000221   Thumb Code     0  startup_stm32f10x_hd.o(.text)
    __use_no_semihosting                     0x08000245   Thumb Code     2  use_no_semi_2.o(.text)
    srand                                    0x08000249   Thumb Code    42  rand.o(.text)
    _rand_init                               0x08000273   Thumb Code     4  rand.o(.text)
    __use_two_region_memory                  0x08000285   Thumb Code     2  heapauxi.o(.text)
    __rt_heap_escrow$2region                 0x08000287   Thumb Code     2  heapauxi.o(.text)
    __rt_heap_expand$2region                 0x08000289   Thumb Code     2  heapauxi.o(.text)
    __I$use$semihosting                      0x0800028b   Thumb Code     0  use_no_semi.o(.text)
    __use_no_semihosting_swi                 0x0800028b   Thumb Code     2  use_no_semi.o(.text)
    __read_errno                             0x0800028d   Thumb Code    10  _rserrno.o(.text)
    __set_errno                              0x08000297   Thumb Code    12  _rserrno.o(.text)
    __aeabi_errno_addr                       0x080002a5   Thumb Code     8  rt_errno_addr_intlibspace.o(.text)
    __errno$intlibspace                      0x080002a5   Thumb Code     0  rt_errno_addr_intlibspace.o(.text)
    __rt_errno_addr$intlibspace              0x080002a5   Thumb Code     0  rt_errno_addr_intlibspace.o(.text)
    __user_libspace                          0x080002ad   Thumb Code     8  libspace.o(.text)
    __user_perproc_libspace                  0x080002ad   Thumb Code     0  libspace.o(.text)
    __user_perthread_libspace                0x080002ad   Thumb Code     0  libspace.o(.text)
    __user_setup_stackheap                   0x080002b5   Thumb Code    74  sys_stackheap_outer.o(.text)
    exit                                     0x080002ff   Thumb Code    18  exit.o(.text)
    ADXL345_init                             0x08000311   Thumb Code    80  adxl345.o(i.ADXL345_init)
    ADXL345_read_average                     0x08000361   Thumb Code   130  adxl345.o(i.ADXL345_read_average)
    ADXL345_read_data                        0x080003e3   Thumb Code   142  adxl345.o(i.ADXL345_read_data)
    ADXL345_read_reg                         0x08000471   Thumb Code    78  adxl345.o(i.ADXL345_read_reg)
    ADXL345_write_reg                        0x080004bf   Thumb Code    66  adxl345.o(i.ADXL345_write_reg)
    BusFault_Handler                         0x08000501   Thumb Code     4  stm32f10x_it.o(i.BusFault_Handler)
    DebugMon_Handler                         0x08000505   Thumb Code     2  stm32f10x_it.o(i.DebugMon_Handler)
    GPIO_Init                                0x08000507   Thumb Code   278  stm32f10x_gpio.o(i.GPIO_Init)
    GPIO_ResetBits                           0x0800061d   Thumb Code     4  stm32f10x_gpio.o(i.GPIO_ResetBits)
    GPIO_SetBits                             0x08000621   Thumb Code     4  stm32f10x_gpio.o(i.GPIO_SetBits)
    HardFault_Handler                        0x08000625   Thumb Code     4  stm32f10x_it.o(i.HardFault_Handler)
    IIC_ack                                  0x08000639   Thumb Code    48  i2c.o(i.IIC_ack)
    IIC_init                                 0x0800066d   Thumb Code    56  i2c.o(i.IIC_init)
    IIC_noack                                0x080006a9   Thumb Code    40  i2c.o(i.IIC_noack)
    IIC_read_byte                            0x080006d5   Thumb Code    80  i2c.o(i.IIC_read_byte)
    IIC_send_byte                            0x08000729   Thumb Code    86  i2c.o(i.IIC_send_byte)
    IIC_start                                0x08000785   Thumb Code    46  i2c.o(i.IIC_start)
    IIC_stop                                 0x080007b9   Thumb Code    30  i2c.o(i.IIC_stop)
    IIC_wait_ack                             0x080007dd   Thumb Code    58  i2c.o(i.IIC_wait_ack)
    LedControlInit                           0x0800081d   Thumb Code   116  ledcontrol.o(i.LedControlInit)
    MemManage_Handler                        0x08000899   Thumb Code     4  stm32f10x_it.o(i.MemManage_Handler)
    NMI_Handler                              0x0800089d   Thumb Code     2  stm32f10x_it.o(i.NMI_Handler)
    NVIC_Init                                0x080008a1   Thumb Code   100  misc.o(i.NVIC_Init)
    NonBlockDelay_Delay_ms                   0x08000911   Thumb Code    16  mydelay.o(i.NonBlockDelay_Delay_ms)
    NonBlockDelay_Timeout                    0x08000925   Thumb Code    22  mydelay.o(i.NonBlockDelay_Timeout)
    PendSV_Handler                           0x08000941   Thumb Code     2  stm32f10x_it.o(i.PendSV_Handler)
    RCC_APB1PeriphClockCmd                   0x08000945   Thumb Code    26  stm32f10x_rcc.o(i.RCC_APB1PeriphClockCmd)
    RCC_APB2PeriphClockCmd                   0x08000965   Thumb Code    26  stm32f10x_rcc.o(i.RCC_APB2PeriphClockCmd)
    SPI_Cmd                                  0x08000985   Thumb Code    24  stm32f10x_spi.o(i.SPI_Cmd)
    SPI_I2S_DMACmd                           0x0800099d   Thumb Code    18  stm32f10x_spi.o(i.SPI_I2S_DMACmd)
    SPI_I2S_GetFlagStatus                    0x080009af   Thumb Code    18  stm32f10x_spi.o(i.SPI_I2S_GetFlagStatus)
    SPI_I2S_SendData                         0x080009c1   Thumb Code     4  stm32f10x_spi.o(i.SPI_I2S_SendData)
    SPI_Init                                 0x080009c5   Thumb Code    60  stm32f10x_spi.o(i.SPI_Init)
    SVC_Handler                              0x08000a01   Thumb Code     2  stm32f10x_it.o(i.SVC_Handler)
    Set_IIC_SDA_IN                           0x08000aed   Thumb Code    32  i2c.o(i.Set_IIC_SDA_IN)
    Set_IIC_SDA_OUT                          0x08000b11   Thumb Code    38  i2c.o(i.Set_IIC_SDA_OUT)
    SysTick_CLKSourceConfig                  0x08000b3d   Thumb Code    40  misc.o(i.SysTick_CLKSourceConfig)
    SysTick_Handler                          0x08000b65   Thumb Code     2  stm32f10x_it.o(i.SysTick_Handler)
    SystemInit                               0x08000b69   Thumb Code    78  system_stm32f10x.o(i.SystemInit)
    TIM3_IRQHandler                          0x08000bc9   Thumb Code    32  mydelay.o(i.TIM3_IRQHandler)
    TIM3_Int_Init                            0x08000bf1   Thumb Code    90  mydelay.o(i.TIM3_Int_Init)
    TIM_ClearITPendingBit                    0x08000c51   Thumb Code     6  stm32f10x_tim.o(i.TIM_ClearITPendingBit)
    TIM_Cmd                                  0x08000c57   Thumb Code    24  stm32f10x_tim.o(i.TIM_Cmd)
    TIM_GetITStatus                          0x08000c6f   Thumb Code    34  stm32f10x_tim.o(i.TIM_GetITStatus)
    TIM_ITConfig                             0x08000c91   Thumb Code    18  stm32f10x_tim.o(i.TIM_ITConfig)
    TIM_TimeBaseInit                         0x08000ca5   Thumb Code   122  stm32f10x_tim.o(i.TIM_TimeBaseInit)
    USART1_IRQHandler                        0x08000d49   Thumb Code   122  usart.o(i.USART1_IRQHandler)
    USART_GetITStatus                        0x08000dd1   Thumb Code    84  stm32f10x_usart.o(i.USART_GetITStatus)
    USART_ReceiveData                        0x08000e25   Thumb Code    10  stm32f10x_usart.o(i.USART_ReceiveData)
    UsageFault_Handler                       0x08000e2f   Thumb Code     4  stm32f10x_it.o(i.UsageFault_Handler)
    __ARM_fpclassify                         0x08000e33   Thumb Code    40  fpclassify.o(i.__ARM_fpclassify)
    __kernel_poly                            0x08000e5b   Thumb Code   170  poly.o(i.__kernel_poly)
    __mathlib_dbl_infnan                     0x08000f05   Thumb Code     6  dunder.o(i.__mathlib_dbl_infnan)
    __mathlib_dbl_underflow                  0x08000f0d   Thumb Code    10  dunder.o(i.__mathlib_dbl_underflow)
    _getXY                                   0x08000f1d   Thumb Code    16  ledcontrol.o(i._getXY)
    _setXY                                   0x08000f2d   Thumb Code    20  ledcontrol.o(i._setXY)
    _sys_exit                                0x08000f41   Thumb Code     4  usart.o(i._sys_exit)
    atan                                     0x08000f45   Thumb Code   474  atan.o(i.atan)
    canGoDown                                0x08001165   Thumb Code    84  main.o(i.canGoDown)
    canGoLeft                                0x080011b9   Thumb Code    44  main.o(i.canGoLeft)
    canGoRight                               0x080011e5   Thumb Code    46  main.o(i.canGoRight)
    clearDisplay                             0x08001215   Thumb Code    58  ledcontrol.o(i.clearDisplay)
    delay_init                               0x08001259   Thumb Code    50  delay.o(i.delay_init)
    delay_ms                                 0x0800129d   Thumb Code    72  delay.o(i.delay_ms)
    dropParticle                             0x080012e9   Thumb Code   108  main.o(i.dropParticle)
    fill                                     0x08001359   Thumb Code   102  main.o(i.fill)
    flipHorizontally                         0x080013bf   Thumb Code    20  ledcontrol.o(i.flipHorizontally)
    flipVertically                           0x080013d3   Thumb Code    20  ledcontrol.o(i.flipVertically)
    getDown                                  0x080013e7   Thumb Code    20  main.o(i.getDown)
    getGravity                               0x080013fd   Thumb Code    72  main.o(i.getGravity)
    getLed                                   0x0800144d   Thumb Code    70  ledcontrol.o(i.getLed)
    getLeft                                  0x0800149d   Thumb Code    18  main.o(i.getLeft)
    getRawXY                                 0x080014af   Thumb Code    20  ledcontrol.o(i.getRawXY)
    getRight                                 0x080014c3   Thumb Code    18  main.o(i.getRight)
    getTopMatrix                             0x080014d5   Thumb Code    18  main.o(i.getTopMatrix)
    getXY                                    0x080014e7   Thumb Code    64  ledcontrol.o(i.getXY)
    get_angle                                0x08001529   Thumb Code   208  adxl345.o(i.get_angle)
    goDown                                   0x08001605   Thumb Code    44  main.o(i.goDown)
    goLeft                                   0x08001631   Thumb Code    44  main.o(i.goLeft)
    goRight                                  0x0800165d   Thumb Code    44  main.o(i.goRight)
    invertRawXY                              0x08001689   Thumb Code    46  ledcontrol.o(i.invertRawXY)
    main                                     0x080016b9   Thumb Code    68  main.o(i.main)
    millis                                   0x08001701   Thumb Code     6  mydelay.o(i.millis)
    moveParticle                             0x0800170d   Thumb Code   164  main.o(i.moveParticle)
    resetTime                                0x080017b1   Thumb Code    34  main.o(i.resetTime)
    rotate180                                0x080017d3   Thumb Code    30  ledcontrol.o(i.rotate180)
    rotate270                                0x080017f1   Thumb Code    30  ledcontrol.o(i.rotate270)
    rotate90                                 0x0800180f   Thumb Code    24  ledcontrol.o(i.rotate90)
    setIntensity                             0x08001829   Thumb Code    42  ledcontrol.o(i.setIntensity)
    setLed                                   0x08001859   Thumb Code   126  ledcontrol.o(i.setLed)
    setRawXY                                 0x080018e1   Thumb Code    28  ledcontrol.o(i.setRawXY)
    setRotation                              0x080018fd   Thumb Code     6  ledcontrol.o(i.setRotation)
    setScanLimit                             0x08001909   Thumb Code    42  ledcontrol.o(i.setScanLimit)
    setXY                                    0x08001939   Thumb Code    70  ledcontrol.o(i.setXY)
    shutdown                                 0x08001981   Thumb Code    48  ledcontrol.o(i.shutdown)
    spiTransfer                              0x080019b5   Thumb Code    92  ledcontrol.o(i.spiTransfer)
    spi_init                                 0x08001a1d   Thumb Code   138  spi.o(i.spi_init)
    spi_read_write_byte                      0x08001ab1   Thumb Code    44  spi.o(i.spi_read_write_byte)
    sqrt                                     0x08001ae1   Thumb Code    76  sqrt.o(i.sqrt)
    transform                                0x08001b2d   Thumb Code   102  ledcontrol.o(i.transform)
    updateMatrix                             0x08001b99   Thumb Code   156  main.o(i.updateMatrix)
    __aeabi_d2f                              0x08001c35   Thumb Code     0  d2f.o(x$fpl$d2f)
    _d2f                                     0x08001c35   Thumb Code    98  d2f.o(x$fpl$d2f)
    __aeabi_dadd                             0x08001c99   Thumb Code     0  daddsub_clz.o(x$fpl$dadd)
    _dadd                                    0x08001c99   Thumb Code   332  daddsub_clz.o(x$fpl$dadd)
    __fpl_dcheck_NaN1                        0x08001de9   Thumb Code    10  dcheck1.o(x$fpl$dcheck1)
    __aeabi_ddiv                             0x08001df9   Thumb Code     0  ddiv.o(x$fpl$ddiv)
    _ddiv                                    0x08001df9   Thumb Code   552  ddiv.o(x$fpl$ddiv)
    __aeabi_i2d                              0x080020a9   Thumb Code     0  dflt_clz.o(x$fpl$dflt)
    _dflt                                    0x080020a9   Thumb Code    46  dflt_clz.o(x$fpl$dflt)
    __aeabi_dmul                             0x080020d9   Thumb Code     0  dmul.o(x$fpl$dmul)
    _dmul                                    0x080020d9   Thumb Code   332  dmul.o(x$fpl$dmul)
    __fpl_dnaninf                            0x0800222d   Thumb Code   156  dnaninf.o(x$fpl$dnaninf)
    __fpl_dretinf                            0x080022c9   Thumb Code    12  dretinf.o(x$fpl$dretinf)
    __aeabi_drsub                            0x080022d5   Thumb Code     0  daddsub_clz.o(x$fpl$drsb)
    _drsb                                    0x080022d5   Thumb Code    22  daddsub_clz.o(x$fpl$drsb)
    _dsqrt                                   0x080022ed   Thumb Code   456  dsqrt_noumaal.o(x$fpl$dsqrt)
    __aeabi_dsub                             0x080024b9   Thumb Code     0  daddsub_clz.o(x$fpl$dsub)
    _dsub                                    0x080024b9   Thumb Code   464  daddsub_clz.o(x$fpl$dsub)
    __fpl_fcmp_Inf                           0x0800268d   Thumb Code    24  fcmpi.o(x$fpl$fcmpinf)
    __aeabi_cfcmple                          0x080026a5   Thumb Code     0  fleqf.o(x$fpl$fleqf)
    _fcmple                                  0x080026a5   Thumb Code   104  fleqf.o(x$fpl$fleqf)
    __fpl_fcmple_InfNaN                      0x080026f7   Thumb Code     0  fleqf.o(x$fpl$fleqf)
    __fpl_fnaninf                            0x0800270d   Thumb Code   140  fnaninf.o(x$fpl$fnaninf)
    __fpl_fretinf                            0x08002799   Thumb Code    10  fretinf.o(x$fpl$fretinf)
    __aeabi_cfrcmple                         0x080027a3   Thumb Code     0  frleqf.o(x$fpl$frleqf)
    _frcmple                                 0x080027a3   Thumb Code    98  frleqf.o(x$fpl$frleqf)
    __fpl_return_NaN                         0x08002805   Thumb Code   100  retnan.o(x$fpl$retnan)
    __ARM_scalbn                             0x08002869   Thumb Code    92  scalbn.o(x$fpl$scalbn)
    __fpl_cmpreturn                          0x080028c5   Thumb Code    48  trapv.o(x$fpl$trapveneer)
    __I$use$fp                               0x080028f4   Number         0  usenofp.o(x$fpl$usenofp)
    Region$$Table$$Base                      0x08002990   Number         0  anon$$obj.o(Region$$Table)
    Region$$Table$$Limit                     0x080029b0   Number         0  anon$$obj.o(Region$$Table)
    gravity                                  0x20000000   Data           4  main.o(.data)
    flag                                     0x20000004   Data           1  main.o(.data)
    pitch                                    0x20000008   Data           4  main.o(.data)
    roll                                     0x2000000c   Data           4  main.o(.data)
    SystemCoreClock                          0x20000010   Data           4  system_stm32f10x.o(.data)
    AHBPrescTable                            0x20000014   Data          16  system_stm32f10x.o(.data)
    __stdout                                 0x20000028   Data           4  usart.o(.data)
    USART_RX_STA                             0x2000002c   Data           2  usart.o(.data)
    maxDevices                               0x20000030   Data           4  ledcontrol.o(.data)
    rotation                                 0x20000034   Data           4  ledcontrol.o(.data)
    iTimeout                                 0x2000003c   Data           4  mydelay.o(.data)
    USART_RX_BUF                             0x20000040   Data         200  usart.o(.bss)
    status                                   0x20000108   Data          64  ledcontrol.o(.bss)
    backupStatus                             0x20000148   Data          64  ledcontrol.o(.bss)
    spidata                                  0x20000188   Data          16  ledcontrol.o(.bss)
    _random_number_data                      0x20000198   Data         228  rand.o(.bss)
    __libspace_start                         0x2000027c   Data          96  libspace.o(.bss)
    __temporary_stack_top$libspace           0x200002dc   Data           0  libspace.o(.bss)



==============================================================================

Memory Map of the image

  Image Entry point : 0x08000205

  Load Region LR_1 (Base: 0x08000000, Size: 0x000029f0, Max: 0xffffffff, ABSOLUTE)

    Execution Region ER_RO (Exec base: 0x08000000, Load base: 0x08000000, Size: 0x000029b0, Max: 0xffffffff, ABSOLUTE)

    Exec Addr    Load Addr    Size         Type   Attr      Idx    E Section Name        Object

    0x08000000   0x08000000   0x00000130   Data   RO          483    RESET               startup_stm32f10x_hd.o
    0x08000130   0x08000130   0x00000008   Code   RO         3909  * !!!main             c_w.l(__main.o)
    0x08000138   0x08000138   0x00000034   Code   RO         4192    !!!scatter          c_w.l(__scatter.o)
    0x0800016c   0x0800016c   0x0000001a   Code   RO         4194    !!handler_copy      c_w.l(__scatter_copy.o)
    0x08000186   0x08000186   0x00000002   PAD
    0x08000188   0x08000188   0x0000001c   Code   RO         4196    !!handler_zi        c_w.l(__scatter_zi.o)
    0x080001a4   0x080001a4   0x00000002   Code   RO         4116    .ARM.Collect$$libinit$$00000000  c_w.l(libinit.o)
    0x080001a6   0x080001a6   0x00000000   Code   RO         3987    .ARM.Collect$$libinit$$00000002  c_w.l(libinit2.o)
    0x080001a6   0x080001a6   0x00000000   Code   RO         3989    .ARM.Collect$$libinit$$00000004  c_w.l(libinit2.o)
    0x080001a6   0x080001a6   0x00000000   Code   RO         3992    .ARM.Collect$$libinit$$0000000A  c_w.l(libinit2.o)
    0x080001a6   0x080001a6   0x00000000   Code   RO         3994    .ARM.Collect$$libinit$$0000000C  c_w.l(libinit2.o)
    0x080001a6   0x080001a6   0x00000004   Code   RO         3995    .ARM.Collect$$libinit$$0000000D  c_w.l(libinit2.o)
    0x080001aa   0x080001aa   0x00000000   Code   RO         3996    .ARM.Collect$$libinit$$0000000E  c_w.l(libinit2.o)
    0x080001aa   0x080001aa   0x00000000   Code   RO         3999    .ARM.Collect$$libinit$$00000011  c_w.l(libinit2.o)
    0x080001aa   0x080001aa   0x00000000   Code   RO         4001    .ARM.Collect$$libinit$$00000013  c_w.l(libinit2.o)
    0x080001aa   0x080001aa   0x00000000   Code   RO         4003    .ARM.Collect$$libinit$$00000015  c_w.l(libinit2.o)
    0x080001aa   0x080001aa   0x00000000   Code   RO         4005    .ARM.Collect$$libinit$$00000017  c_w.l(libinit2.o)
    0x080001aa   0x080001aa   0x00000000   Code   RO         4007    .ARM.Collect$$libinit$$00000019  c_w.l(libinit2.o)
    0x080001aa   0x080001aa   0x00000000   Code   RO         4009    .ARM.Collect$$libinit$$0000001B  c_w.l(libinit2.o)
    0x080001aa   0x080001aa   0x00000000   Code   RO         4011    .ARM.Collect$$libinit$$0000001D  c_w.l(libinit2.o)
    0x080001aa   0x080001aa   0x00000000   Code   RO         4013    .ARM.Collect$$libinit$$0000001F  c_w.l(libinit2.o)
    0x080001aa   0x080001aa   0x00000000   Code   RO         4015    .ARM.Collect$$libinit$$00000021  c_w.l(libinit2.o)
    0x080001aa   0x080001aa   0x00000000   Code   RO         4017    .ARM.Collect$$libinit$$00000023  c_w.l(libinit2.o)
    0x080001aa   0x080001aa   0x00000000   Code   RO         4019    .ARM.Collect$$libinit$$00000025  c_w.l(libinit2.o)
    0x080001aa   0x080001aa   0x00000000   Code   RO         4023    .ARM.Collect$$libinit$$0000002C  c_w.l(libinit2.o)
    0x080001aa   0x080001aa   0x00000000   Code   RO         4025    .ARM.Collect$$libinit$$0000002E  c_w.l(libinit2.o)
    0x080001aa   0x080001aa   0x00000000   Code   RO         4027    .ARM.Collect$$libinit$$00000030  c_w.l(libinit2.o)
    0x080001aa   0x080001aa   0x00000000   Code   RO         4029    .ARM.Collect$$libinit$$00000032  c_w.l(libinit2.o)
    0x080001aa   0x080001aa   0x00000002   Code   RO         4030    .ARM.Collect$$libinit$$00000033  c_w.l(libinit2.o)
    0x080001ac   0x080001ac   0x00000002   Code   RO         4151    .ARM.Collect$$libshutdown$$00000000  c_w.l(libshutdown.o)
    0x080001ae   0x080001ae   0x00000000   Code   RO         4157    .ARM.Collect$$libshutdown$$00000002  c_w.l(libshutdown2.o)
    0x080001ae   0x080001ae   0x00000000   Code   RO         4159    .ARM.Collect$$libshutdown$$00000004  c_w.l(libshutdown2.o)
    0x080001ae   0x080001ae   0x00000000   Code   RO         4161    .ARM.Collect$$libshutdown$$00000006  c_w.l(libshutdown2.o)
    0x080001ae   0x080001ae   0x00000000   Code   RO         4164    .ARM.Collect$$libshutdown$$00000009  c_w.l(libshutdown2.o)
    0x080001ae   0x080001ae   0x00000000   Code   RO         4167    .ARM.Collect$$libshutdown$$0000000C  c_w.l(libshutdown2.o)
    0x080001ae   0x080001ae   0x00000000   Code   RO         4169    .ARM.Collect$$libshutdown$$0000000E  c_w.l(libshutdown2.o)
    0x080001ae   0x080001ae   0x00000000   Code   RO         4172    .ARM.Collect$$libshutdown$$00000011  c_w.l(libshutdown2.o)
    0x080001ae   0x080001ae   0x00000002   Code   RO         4173    .ARM.Collect$$libshutdown$$00000012  c_w.l(libshutdown2.o)
    0x080001b0   0x080001b0   0x00000000   Code   RO         3983    .ARM.Collect$$rtentry$$00000000  c_w.l(__rtentry.o)
    0x080001b0   0x080001b0   0x00000000   Code   RO         4073    .ARM.Collect$$rtentry$$00000002  c_w.l(__rtentry2.o)
    0x080001b0   0x080001b0   0x00000006   Code   RO         4085    .ARM.Collect$$rtentry$$00000004  c_w.l(__rtentry4.o)
    0x080001b6   0x080001b6   0x00000000   Code   RO         4075    .ARM.Collect$$rtentry$$00000009  c_w.l(__rtentry2.o)
    0x080001b6   0x080001b6   0x00000004   Code   RO         4076    .ARM.Collect$$rtentry$$0000000A  c_w.l(__rtentry2.o)
    0x080001ba   0x080001ba   0x00000000   Code   RO         4078    .ARM.Collect$$rtentry$$0000000C  c_w.l(__rtentry2.o)
    0x080001ba   0x080001ba   0x00000008   Code   RO         4079    .ARM.Collect$$rtentry$$0000000D  c_w.l(__rtentry2.o)
    0x080001c2   0x080001c2   0x00000002   Code   RO         4121    .ARM.Collect$$rtexit$$00000000  c_w.l(rtexit.o)
    0x080001c4   0x080001c4   0x00000000   Code   RO         4133    .ARM.Collect$$rtexit$$00000002  c_w.l(rtexit2.o)
    0x080001c4   0x080001c4   0x00000004   Code   RO         4134    .ARM.Collect$$rtexit$$00000003  c_w.l(rtexit2.o)
    0x080001c8   0x080001c8   0x00000006   Code   RO         4135    .ARM.Collect$$rtexit$$00000004  c_w.l(rtexit2.o)
    0x080001ce   0x080001ce   0x00000002   PAD
    0x080001d0   0x080001d0   0x00000034   Code   RO         3902    .emb_text           c_w.l(rand.o)
    0x08000204   0x08000204   0x00000040   Code   RO          484  * .text               startup_stm32f10x_hd.o
    0x08000244   0x08000244   0x00000002   Code   RO         3898    .text               c_w.l(use_no_semi_2.o)
    0x08000246   0x08000246   0x00000002   PAD
    0x08000248   0x08000248   0x0000003c   Code   RO         3903    .text               c_w.l(rand.o)
    0x08000284   0x08000284   0x00000006   Code   RO         3907    .text               c_w.l(heapauxi.o)
    0x0800028a   0x0800028a   0x00000002   Code   RO         3981    .text               c_w.l(use_no_semi.o)
    0x0800028c   0x0800028c   0x00000016   Code   RO         3984    .text               c_w.l(_rserrno.o)
    0x080002a2   0x080002a2   0x00000002   PAD
    0x080002a4   0x080002a4   0x00000008   Code   RO         4090    .text               c_w.l(rt_errno_addr_intlibspace.o)
    0x080002ac   0x080002ac   0x00000008   Code   RO         4100    .text               c_w.l(libspace.o)
    0x080002b4   0x080002b4   0x0000004a   Code   RO         4103    .text               c_w.l(sys_stackheap_outer.o)
    0x080002fe   0x080002fe   0x00000012   Code   RO         4105    .text               c_w.l(exit.o)
    0x08000310   0x08000310   0x00000050   Code   RO         3455    i.ADXL345_init      adxl345.o
    0x08000360   0x08000360   0x00000082   Code   RO         3456    i.ADXL345_read_average  adxl345.o
    0x080003e2   0x080003e2   0x0000008e   Code   RO         3457    i.ADXL345_read_data  adxl345.o
    0x08000470   0x08000470   0x0000004e   Code   RO         3458    i.ADXL345_read_reg  adxl345.o
    0x080004be   0x080004be   0x00000042   Code   RO         3459    i.ADXL345_write_reg  adxl345.o
    0x08000500   0x08000500   0x00000004   Code   RO          252    i.BusFault_Handler  stm32f10x_it.o
    0x08000504   0x08000504   0x00000002   Code   RO          253    i.DebugMon_Handler  stm32f10x_it.o
    0x08000506   0x08000506   0x00000116   Code   RO         1639    i.GPIO_Init         stm32f10x_gpio.o
    0x0800061c   0x0800061c   0x00000004   Code   RO         1646    i.GPIO_ResetBits    stm32f10x_gpio.o
    0x08000620   0x08000620   0x00000004   Code   RO         1647    i.GPIO_SetBits      stm32f10x_gpio.o
    0x08000624   0x08000624   0x00000004   Code   RO          254    i.HardFault_Handler  stm32f10x_it.o
    0x08000628   0x08000628   0x0000000e   Code   RO         3497    i.IIC_Delay         i2c.o
    0x08000636   0x08000636   0x00000002   PAD
    0x08000638   0x08000638   0x00000034   Code   RO         3498    i.IIC_ack           i2c.o
    0x0800066c   0x0800066c   0x0000003c   Code   RO         3499    i.IIC_init          i2c.o
    0x080006a8   0x080006a8   0x0000002c   Code   RO         3500    i.IIC_noack         i2c.o
    0x080006d4   0x080006d4   0x00000054   Code   RO         3501    i.IIC_read_byte     i2c.o
    0x08000728   0x08000728   0x0000005c   Code   RO         3502    i.IIC_send_byte     i2c.o
    0x08000784   0x08000784   0x00000034   Code   RO         3503    i.IIC_start         i2c.o
    0x080007b8   0x080007b8   0x00000024   Code   RO         3504    i.IIC_stop          i2c.o
    0x080007dc   0x080007dc   0x00000040   Code   RO         3505    i.IIC_wait_ack      i2c.o
    0x0800081c   0x0800081c   0x0000007c   Code   RO         3679    i.LedControlInit    ledcontrol.o
    0x08000898   0x08000898   0x00000004   Code   RO          255    i.MemManage_Handler  stm32f10x_it.o
    0x0800089c   0x0800089c   0x00000002   Code   RO          256    i.NMI_Handler       stm32f10x_it.o
    0x0800089e   0x0800089e   0x00000002   PAD
    0x080008a0   0x080008a0   0x00000070   Code   RO          488    i.NVIC_Init         misc.o
    0x08000910   0x08000910   0x00000014   Code   RO         3851    i.NonBlockDelay_Delay_ms  mydelay.o
    0x08000924   0x08000924   0x0000001c   Code   RO         3853    i.NonBlockDelay_Timeout  mydelay.o
    0x08000940   0x08000940   0x00000002   Code   RO          257    i.PendSV_Handler    stm32f10x_it.o
    0x08000942   0x08000942   0x00000002   PAD
    0x08000944   0x08000944   0x00000020   Code   RO         2055    i.RCC_APB1PeriphClockCmd  stm32f10x_rcc.o
    0x08000964   0x08000964   0x00000020   Code   RO         2057    i.RCC_APB2PeriphClockCmd  stm32f10x_rcc.o
    0x08000984   0x08000984   0x00000018   Code   RO         2534    i.SPI_Cmd           stm32f10x_spi.o
    0x0800099c   0x0800099c   0x00000012   Code   RO         2540    i.SPI_I2S_DMACmd    stm32f10x_spi.o
    0x080009ae   0x080009ae   0x00000012   Code   RO         2542    i.SPI_I2S_GetFlagStatus  stm32f10x_spi.o
    0x080009c0   0x080009c0   0x00000004   Code   RO         2546    i.SPI_I2S_SendData  stm32f10x_spi.o
    0x080009c4   0x080009c4   0x0000003c   Code   RO         2547    i.SPI_Init          stm32f10x_spi.o
    0x08000a00   0x08000a00   0x00000002   Code   RO          258    i.SVC_Handler       stm32f10x_it.o
    0x08000a02   0x08000a02   0x00000008   Code   RO          315    i.SetSysClock       system_stm32f10x.o
    0x08000a0a   0x08000a0a   0x00000002   PAD
    0x08000a0c   0x08000a0c   0x000000e0   Code   RO          316    i.SetSysClockTo72   system_stm32f10x.o
    0x08000aec   0x08000aec   0x00000024   Code   RO         3506    i.Set_IIC_SDA_IN    i2c.o
    0x08000b10   0x08000b10   0x0000002c   Code   RO         3507    i.Set_IIC_SDA_OUT   i2c.o
    0x08000b3c   0x08000b3c   0x00000028   Code   RO          492    i.SysTick_CLKSourceConfig  misc.o
    0x08000b64   0x08000b64   0x00000002   Code   RO          259    i.SysTick_Handler   stm32f10x_it.o
    0x08000b66   0x08000b66   0x00000002   PAD
    0x08000b68   0x08000b68   0x00000060   Code   RO          318    i.SystemInit        system_stm32f10x.o
    0x08000bc8   0x08000bc8   0x00000028   Code   RO         3854    i.TIM3_IRQHandler   mydelay.o
    0x08000bf0   0x08000bf0   0x00000060   Code   RO         3855    i.TIM3_Int_Init     mydelay.o
    0x08000c50   0x08000c50   0x00000006   Code   RO         2684    i.TIM_ClearITPendingBit  stm32f10x_tim.o
    0x08000c56   0x08000c56   0x00000018   Code   RO         2689    i.TIM_Cmd           stm32f10x_tim.o
    0x08000c6e   0x08000c6e   0x00000022   Code   RO         2710    i.TIM_GetITStatus   stm32f10x_tim.o
    0x08000c90   0x08000c90   0x00000012   Code   RO         2714    i.TIM_ITConfig      stm32f10x_tim.o
    0x08000ca2   0x08000ca2   0x00000002   PAD
    0x08000ca4   0x08000ca4   0x000000a4   Code   RO         2760    i.TIM_TimeBaseInit  stm32f10x_tim.o
    0x08000d48   0x08000d48   0x00000088   Code   RO          430    i.USART1_IRQHandler  usart.o
    0x08000dd0   0x08000dd0   0x00000054   Code   RO         3229    i.USART_GetITStatus  stm32f10x_usart.o
    0x08000e24   0x08000e24   0x0000000a   Code   RO         3239    i.USART_ReceiveData  stm32f10x_usart.o
    0x08000e2e   0x08000e2e   0x00000004   Code   RO          260    i.UsageFault_Handler  stm32f10x_it.o
    0x08000e32   0x08000e32   0x00000028   Code   RO         4068    i.__ARM_fpclassify  m_ws.l(fpclassify.o)
    0x08000e5a   0x08000e5a   0x000000aa   Code   RO         4070    i.__kernel_poly     m_ws.l(poly.o)
    0x08000f04   0x08000f04   0x00000006   Code   RO         4055    i.__mathlib_dbl_infnan  m_ws.l(dunder.o)
    0x08000f0a   0x08000f0a   0x00000002   PAD
    0x08000f0c   0x08000f0c   0x00000010   Code   RO         4060    i.__mathlib_dbl_underflow  m_ws.l(dunder.o)
    0x08000f1c   0x08000f1c   0x00000010   Code   RO         3680    i._getXY            ledcontrol.o
    0x08000f2c   0x08000f2c   0x00000014   Code   RO         3681    i._setXY            ledcontrol.o
    0x08000f40   0x08000f40   0x00000004   Code   RO          431    i._sys_exit         usart.o
    0x08000f44   0x08000f44   0x00000220   Code   RO         3964    i.atan              m_ws.l(atan.o)
    0x08001164   0x08001164   0x00000054   Code   RO            1    i.canGoDown         main.o
    0x080011b8   0x080011b8   0x0000002c   Code   RO            2    i.canGoLeft         main.o
    0x080011e4   0x080011e4   0x0000002e   Code   RO            3    i.canGoRight        main.o
    0x08001212   0x08001212   0x00000002   PAD
    0x08001214   0x08001214   0x00000044   Code   RO         3683    i.clearDisplay      ledcontrol.o
    0x08001258   0x08001258   0x00000044   Code   RO          349    i.delay_init        delay.o
    0x0800129c   0x0800129c   0x0000004c   Code   RO          350    i.delay_ms          delay.o
    0x080012e8   0x080012e8   0x00000070   Code   RO            5    i.dropParticle      main.o
    0x08001358   0x08001358   0x00000066   Code   RO            6    i.fill              main.o
    0x080013be   0x080013be   0x00000014   Code   RO         3684    i.flipHorizontally  ledcontrol.o
    0x080013d2   0x080013d2   0x00000014   Code   RO         3685    i.flipVertically    ledcontrol.o
    0x080013e6   0x080013e6   0x00000014   Code   RO            8    i.getDown           main.o
    0x080013fa   0x080013fa   0x00000002   PAD
    0x080013fc   0x080013fc   0x00000050   Code   RO            9    i.getGravity        main.o
    0x0800144c   0x0800144c   0x00000050   Code   RO         3687    i.getLed            ledcontrol.o
    0x0800149c   0x0800149c   0x00000012   Code   RO           10    i.getLeft           main.o
    0x080014ae   0x080014ae   0x00000014   Code   RO         3688    i.getRawXY          ledcontrol.o
    0x080014c2   0x080014c2   0x00000012   Code   RO           11    i.getRight          main.o
    0x080014d4   0x080014d4   0x00000012   Code   RO           12    i.getTopMatrix      main.o
    0x080014e6   0x080014e6   0x00000040   Code   RO         3689    i.getXY             ledcontrol.o
    0x08001526   0x08001526   0x00000002   PAD
    0x08001528   0x08001528   0x000000dc   Code   RO         3460    i.get_angle         adxl345.o
    0x08001604   0x08001604   0x0000002c   Code   RO           13    i.goDown            main.o
    0x08001630   0x08001630   0x0000002c   Code   RO           14    i.goLeft            main.o
    0x0800165c   0x0800165c   0x0000002c   Code   RO           15    i.goRight           main.o
    0x08001688   0x08001688   0x0000002e   Code   RO         3690    i.invertRawXY       ledcontrol.o
    0x080016b6   0x080016b6   0x00000002   PAD
    0x080016b8   0x080016b8   0x00000048   Code   RO           16    i.main              main.o
    0x08001700   0x08001700   0x0000000c   Code   RO         3856    i.millis            mydelay.o
    0x0800170c   0x0800170c   0x000000a4   Code   RO           17    i.moveParticle      main.o
    0x080017b0   0x080017b0   0x00000022   Code   RO           18    i.resetTime         main.o
    0x080017d2   0x080017d2   0x0000001e   Code   RO         3692    i.rotate180         ledcontrol.o
    0x080017f0   0x080017f0   0x0000001e   Code   RO         3693    i.rotate270         ledcontrol.o
    0x0800180e   0x0800180e   0x00000018   Code   RO         3694    i.rotate90          ledcontrol.o
    0x08001826   0x08001826   0x00000002   PAD
    0x08001828   0x08001828   0x00000030   Code   RO         3696    i.setIntensity      ledcontrol.o
    0x08001858   0x08001858   0x00000088   Code   RO         3697    i.setLed            ledcontrol.o
    0x080018e0   0x080018e0   0x0000001c   Code   RO         3698    i.setRawXY          ledcontrol.o
    0x080018fc   0x080018fc   0x0000000c   Code   RO         3699    i.setRotation       ledcontrol.o
    0x08001908   0x08001908   0x00000030   Code   RO         3701    i.setScanLimit      ledcontrol.o
    0x08001938   0x08001938   0x00000046   Code   RO         3702    i.setXY             ledcontrol.o
    0x0800197e   0x0800197e   0x00000002   PAD
    0x08001980   0x08001980   0x00000034   Code   RO         3703    i.shutdown          ledcontrol.o
    0x080019b4   0x080019b4   0x00000068   Code   RO         3704    i.spiTransfer       ledcontrol.o
    0x08001a1c   0x08001a1c   0x00000094   Code   RO         3599    i.spi_init          spi.o
    0x08001ab0   0x08001ab0   0x00000030   Code   RO         3600    i.spi_read_write_byte  spi.o
    0x08001ae0   0x08001ae0   0x0000004c   Code   RO         3974    i.sqrt              m_ws.l(sqrt.o)
    0x08001b2c   0x08001b2c   0x0000006c   Code   RO         3705    i.transform         ledcontrol.o
    0x08001b98   0x08001b98   0x0000009c   Code   RO           20    i.updateMatrix      main.o
    0x08001c34   0x08001c34   0x00000062   Code   RO         3911    x$fpl$d2f           fz_ws.l(d2f.o)
    0x08001c96   0x08001c96   0x00000002   PAD
    0x08001c98   0x08001c98   0x00000150   Code   RO         4031    x$fpl$dadd          fz_ws.l(daddsub_clz.o)
    0x08001de8   0x08001de8   0x00000010   Code   RO         4094    x$fpl$dcheck1       fz_ws.l(dcheck1.o)
    0x08001df8   0x08001df8   0x000002b0   Code   RO         3914    x$fpl$ddiv          fz_ws.l(ddiv.o)
    0x080020a8   0x080020a8   0x0000002e   Code   RO         3922    x$fpl$dflt          fz_ws.l(dflt_clz.o)
    0x080020d6   0x080020d6   0x00000002   PAD
    0x080020d8   0x080020d8   0x00000154   Code   RO         3927    x$fpl$dmul          fz_ws.l(dmul.o)
    0x0800222c   0x0800222c   0x0000009c   Code   RO         4039    x$fpl$dnaninf       fz_ws.l(dnaninf.o)
    0x080022c8   0x080022c8   0x0000000c   Code   RO         4041    x$fpl$dretinf       fz_ws.l(dretinf.o)
    0x080022d4   0x080022d4   0x00000016   Code   RO         4032    x$fpl$drsb          fz_ws.l(daddsub_clz.o)
    0x080022ea   0x080022ea   0x00000002   PAD
    0x080022ec   0x080022ec   0x000001cc   Code   RO         4043    x$fpl$dsqrt         fz_ws.l(dsqrt_noumaal.o)
    0x080024b8   0x080024b8   0x000001d4   Code   RO         4033    x$fpl$dsub          fz_ws.l(daddsub_clz.o)
    0x0800268c   0x0800268c   0x00000018   Code   RO         4045    x$fpl$fcmpinf       fz_ws.l(fcmpi.o)
    0x080026a4   0x080026a4   0x00000068   Code   RO         3957    x$fpl$fleqf         fz_ws.l(fleqf.o)
    0x0800270c   0x0800270c   0x0000008c   Code   RO         4047    x$fpl$fnaninf       fz_ws.l(fnaninf.o)
    0x08002798   0x08002798   0x0000000a   Code   RO         4049    x$fpl$fretinf       fz_ws.l(fretinf.o)
    0x080027a2   0x080027a2   0x00000062   Code   RO         3961    x$fpl$frleqf        fz_ws.l(frleqf.o)
    0x08002804   0x08002804   0x00000064   Code   RO         4117    x$fpl$retnan        fz_ws.l(retnan.o)
    0x08002868   0x08002868   0x0000005c   Code   RO         4051    x$fpl$scalbn        fz_ws.l(scalbn.o)
    0x080028c4   0x080028c4   0x00000030   Code   RO         4129    x$fpl$trapveneer    fz_ws.l(trapv.o)
    0x080028f4   0x080028f4   0x00000000   Code   RO         4053    x$fpl$usenofp       fz_ws.l(usenofp.o)
    0x080028f4   0x080028f4   0x00000004   PAD
    0x080028f8   0x080028f8   0x00000098   Data   RO         3965    .constdata          m_ws.l(atan.o)
    0x08002990   0x08002990   0x00000020   Data   RO         4190    Region$$Table       anon$$obj.o


    Execution Region ER_RW (Exec base: 0x20000000, Load base: 0x080029b0, Size: 0x00000040, Max: 0xffffffff, ABSOLUTE)

    Exec Addr    Load Addr    Size         Type   Attr      Idx    E Section Name        Object

    0x20000000   0x080029b0   0x00000010   Data   RW           21    .data               main.o
    0x20000010   0x080029c0   0x00000014   Data   RW          319    .data               system_stm32f10x.o
    0x20000024   0x080029d4   0x00000004   Data   RW          352    .data               delay.o
    0x20000028   0x080029d8   0x00000006   Data   RW          435    .data               usart.o
    0x2000002e   0x080029de   0x00000002   PAD
    0x20000030   0x080029e0   0x00000008   Data   RW         3707    .data               ledcontrol.o
    0x20000038   0x080029e8   0x00000008   Data   RW         3857    .data               mydelay.o


    Execution Region ER_ZI (Exec base: 0x20000040, Load base: 0x080029f0, Size: 0x000008a0, Max: 0xffffffff, ABSOLUTE)

    Exec Addr    Load Addr    Size         Type   Attr      Idx    E Section Name        Object

    0x20000040        -       0x000000c8   Zero   RW          434    .bss                usart.o
    0x20000108        -       0x00000090   Zero   RW         3706    .bss                ledcontrol.o
    0x20000198        -       0x000000e4   Zero   RW         3904    .bss                c_w.l(rand.o)
    0x2000027c        -       0x00000060   Zero   RW         4101    .bss                c_w.l(libspace.o)
    0x200002dc   0x080029f0   0x00000004   PAD
    0x200002e0        -       0x00000200   Zero   RW          482    HEAP                startup_stm32f10x_hd.o
    0x200004e0        -       0x00000400   Zero   RW          481    STACK               startup_stm32f10x_hd.o


==============================================================================

Image component sizes


      Code (inc. data)   RO Data    RW Data    ZI Data      Debug   Object Name

       716         12          0          0          0       3889   adxl345.o
       144         22          0          4          0     205892   delay.o
       578         50          0          0          0       5206   i2c.o
      1168         78          0          8        144      13490   ledcontrol.o
      1100         16          0         16          0      57225   main.o
       152         12          0          0          0       1482   misc.o
       196         30          0          8          0       2943   mydelay.o
       196         14          0          0          0       1169   spi.o
        64         26        304          0       1536        776   startup_stm32f10x_hd.o
       286          0          0          0          0       2956   stm32f10x_gpio.o
        26          0          0          0          0       3522   stm32f10x_it.o
        64         12          0          0          0       1098   stm32f10x_rcc.o
       124          0          0          0          0       3757   stm32f10x_spi.o
       246         42          0          0          0       3430   stm32f10x_tim.o
        94          0          0          0          0       2676   stm32f10x_usart.o
         0          0          0          0          0         32   sys.o
       328         28          0         20          0       1985   system_stm32f10x.o
       140         14          0          6        200       2840   usart.o

    ----------------------------------------------------------------------
      5646        356        336         64       1880     314368   Object Totals
         0          0         32          0          0          0   (incl. Generated)
        24          0          0          2          0          0   (incl. Padding)

    ----------------------------------------------------------------------

      Code (inc. data)   RO Data    RW Data    ZI Data      Debug   Library Member Name

         8          0          0          0          0         68   __main.o
         0          0          0          0          0          0   __rtentry.o
        12          0          0          0          0          0   __rtentry2.o
         6          0          0          0          0          0   __rtentry4.o
        52          8          0          0          0          0   __scatter.o
        26          0          0          0          0          0   __scatter_copy.o
        28          0          0          0          0          0   __scatter_zi.o
        22          0          0          0          0        100   _rserrno.o
        18          0          0          0          0         80   exit.o
         6          0          0          0          0        152   heapauxi.o
         2          0          0          0          0          0   libinit.o
         6          0          0          0          0          0   libinit2.o
         2          0          0          0          0          0   libshutdown.o
         2          0          0          0          0          0   libshutdown2.o
         8          4          0          0         96         68   libspace.o
       112         18          0          0        228        160   rand.o
         8          4          0          0          0         68   rt_errno_addr_intlibspace.o
         2          0          0          0          0          0   rtexit.o
        10          0          0          0          0          0   rtexit2.o
        74          0          0          0          0         80   sys_stackheap_outer.o
         2          0          0          0          0         68   use_no_semi.o
         2          0          0          0          0         68   use_no_semi_2.o
        98          4          0          0          0         92   d2f.o
       826         16          0          0          0        348   daddsub_clz.o
        16          4          0          0          0         68   dcheck1.o
       688        140          0          0          0        208   ddiv.o
        46          0          0          0          0         68   dflt_clz.o
       340         12          0          0          0        104   dmul.o
       156          4          0          0          0         92   dnaninf.o
        12          0          0          0          0         68   dretinf.o
       460         56          0          0          0        120   dsqrt_noumaal.o
        24          0          0          0          0         68   fcmpi.o
       104          4          0          0          0         84   fleqf.o
       140          4          0          0          0         84   fnaninf.o
        10          0          0          0          0         68   fretinf.o
        98          0          0          0          0         68   frleqf.o
       100          0          0          0          0         68   retnan.o
        92          0          0          0          0         68   scalbn.o
        48          0          0          0          0         68   trapv.o
         0          0          0          0          0          0   usenofp.o
       544         70        152          0          0        124   atan.o
        22          6          0          0          0        136   dunder.o
        40          0          0          0          0         68   fpclassify.o
       170          0          0          0          0         96   poly.o
        76          0          0          0          0         84   sqrt.o

    ----------------------------------------------------------------------
      4538        354        152          0        328       3164   Library Totals
        20          0          0          0          4          0   (incl. Padding)

    ----------------------------------------------------------------------

      Code (inc. data)   RO Data    RW Data    ZI Data      Debug   Library Name

       408         34          0          0        324        912   c_w.l
      3258        244          0          0          0       1744   fz_ws.l
       852         76        152          0          0        508   m_ws.l

    ----------------------------------------------------------------------
      4538        354        152          0        328       3164   Library Totals

    ----------------------------------------------------------------------

==============================================================================


      Code (inc. data)   RO Data    RW Data    ZI Data      Debug   

     10184        710        488         64       2208     311028   Grand Totals
     10184        710        488         64       2208     311028   ELF Image Totals
     10184        710        488         64          0          0   ROM Totals

==============================================================================

    Total RO  Size (Code + RO Data)                10672 (  10.42kB)
    Total RW  Size (RW Data + ZI Data)              2272 (   2.22kB)
    Total ROM Size (Code + RO Data + RW Data)      10736 (  10.48kB)

==============================================================================

