<html>
<body>
<pre>
<h1>礦ision Build Log</h1>
<h2>Tool Versions:</h2>
IDE-Version: μVision V5.38.0.0
Copyright (C) 2022 ARM Ltd and ARM Germany GmbH. All rights reserved.
License Information: l l, l, LIC=NQQMA-1I1B8-63DMB-2MZY1-EUBXS-S64YR
 
Tool Versions:
Toolchain:       MDK-ARM Plus  Version: 5.38.0.0
Toolchain Path:  D:\keil\ARM\ARM_Compiler_5.06u7\Bin
C Compiler:      Armcc.exe V5.06 update 7 (build 960)
Assembler:       Armasm.exe V5.06 update 7 (build 960)
Linker/Locator:  ArmLink.exe V5.06 update 7 (build 960)
Library Manager: ArmAr.exe V5.06 update 7 (build 960)
Hex Converter:   FromElf.exe V5.06 update 7 (build 960)
CPU DLL:         SARMCM3.DLL V5.38.0.0
Dialog DLL:      DCM.DLL V1.17.5.0
Target DLL:      CMSIS_AGDI.dll V1.33.15.0
Dialog DLL:      TCM.DLL V1.56.4.0
 
<h2>Project:</h2>
E:\战舰开发板例程练习\Hourglass\USER\Template.uvprojx
Project File Date:  02/15/2025

<h2>Output:</h2>
*** Using Compiler 'V5.06 update 7 (build 960)', folder: 'D:\keil\ARM\ARM_Compiler_5.06u7\Bin'
Build target 'Template'
compiling main.c...
..\HARDWARE\ledmatrix.h(22): warning:  #1-D: last line of file ends without a newline
  #endif
..\HARDWARE\mydelay.h(13): warning:  #1-D: last line of file ends without a newline
  #endif
..\HARDWARE\LedControl.h(76): warning:  #1295-D: Deprecated declaration getDeviceCount - give arg types
  int getDeviceCount();
..\HARDWARE\LedControl.h(142): warning:  #1295-D: Deprecated declaration backup - give arg types
  void backup();
..\HARDWARE\LedControl.h(143): warning:  #1295-D: Deprecated declaration restore - give arg types
  void restore();
main.c(163): warning:  #940-D: missing return statement at end of non-void function "getGravity" 
  }
main.c: 6 warnings, 0 errors
linking...
Program Size: Code=10184 RO-data=488 RW-data=64 ZI-data=2208  
FromELF: creating hex file...
"..\OBJ\Template.axf" - 0 Error(s), 6 Warning(s).

<h2>Software Packages used:</h2>

Package Vendor: Keil
                http://www.keil.com/pack/Keil.STM32F1xx_DFP.2.2.0.pack
                Keil.STM32F1xx_DFP.2.2.0
                STMicroelectronics STM32F1 Series Device Support, Drivers and Examples

<h2>Collection of Component include folders:</h2>
  D:/keil/Keil/STM32F1xx_DFP/2.2.0/Device/Include

<h2>Collection of Component Files used:</h2>
Build Time Elapsed:  00:00:01
</pre>
</body>
</html>
